[2019-12-02T17:11:26.678-0100][0.008s] Heap region size: 1M
[2019-12-02T17:11:26.846-0100][0.177s] Using G1
[2019-12-02T17:11:26.847-0100][0.177s] Heap address: 0x00000007e0000000, size: 512 MB, Compressed Oops mode: Zero based, Oop shift amount: 3
[2019-12-02T17:11:27.700-0100][1.031s] GC(0) Pause Young (Normal) (G1 Evacuation Pause)
[2019-12-02T17:11:27.701-0100][1.031s] GC(0) Using 10 workers of 10 for evacuation
[2019-12-02T17:11:27.703-0100][1.034s] GC(0)   Pre Evacuate Collection Set: 0.0ms
[2019-12-02T17:11:27.703-0100][1.034s] GC(0)   Evacuate Collection Set: 2.4ms
[2019-12-02T17:11:27.703-0100][1.034s] GC(0)   Post Evacuate Collection Set: 0.3ms
[2019-12-02T17:11:27.703-0100][1.034s] GC(0)   Other: 0.4ms
[2019-12-02T17:11:27.703-0100][1.034s] GC(0) Eden regions: 30->0(303)
[2019-12-02T17:11:27.703-0100][1.034s] GC(0) Survivor regions: 0->4(4)
[2019-12-02T17:11:27.703-0100][1.034s] GC(0) Old regions: 0->0
[2019-12-02T17:11:27.703-0100][1.034s] GC(0) Humongous regions: 0->0
[2019-12-02T17:11:27.703-0100][1.034s] GC(0) Metaspace: 16092K->16092K(1064960K)
[2019-12-02T17:11:27.703-0100][1.034s] GC(0) Pause Young (Normal) (G1 Evacuation Pause) 30M->3M(512M) 3.290ms
[2019-12-02T17:11:27.703-0100][1.034s] GC(0) User=0.02s Sys=0.00s Real=0.00s
[2019-12-02T17:11:27.967-0100][1.297s] GC(1) Pause Young (Concurrent Start) (Metadata GC Threshold)
[2019-12-02T17:11:27.967-0100][1.297s] GC(1) Using 10 workers of 10 for evacuation
[2019-12-02T17:11:27.975-0100][1.306s] GC(1)   Pre Evacuate Collection Set: 0.0ms
[2019-12-02T17:11:27.975-0100][1.306s] GC(1)   Evacuate Collection Set: 8.1ms
[2019-12-02T17:11:27.975-0100][1.306s] GC(1)   Post Evacuate Collection Set: 0.4ms
[2019-12-02T17:11:27.975-0100][1.306s] GC(1)   Other: 0.2ms
[2019-12-02T17:11:27.975-0100][1.306s] GC(1) Eden regions: 22->0(73)
[2019-12-02T17:11:27.975-0100][1.306s] GC(1) Survivor regions: 4->12(39)
[2019-12-02T17:11:27.975-0100][1.306s] GC(1) Old regions: 0->0
[2019-12-02T17:11:27.975-0100][1.306s] GC(1) Humongous regions: 4->4
[2019-12-02T17:11:27.975-0100][1.306s] GC(1) Metaspace: 20482K->20482K(1069056K)
[2019-12-02T17:11:27.976-0100][1.306s] GC(1) Pause Young (Concurrent Start) (Metadata GC Threshold) 29M->15M(512M) 8.776ms
[2019-12-02T17:11:27.976-0100][1.306s] GC(1) User=0.05s Sys=0.00s Real=0.01s
[2019-12-02T17:11:27.976-0100][1.306s] GC(2) Concurrent Cycle
[2019-12-02T17:11:27.976-0100][1.306s] GC(2) Concurrent Clear Claimed Marks
[2019-12-02T17:11:27.976-0100][1.306s] GC(2) Concurrent Clear Claimed Marks 0.016ms
[2019-12-02T17:11:27.976-0100][1.306s] GC(2) Concurrent Scan Root Regions
[2019-12-02T17:11:27.978-0100][1.308s] GC(2) Concurrent Scan Root Regions 1.999ms
[2019-12-02T17:11:27.978-0100][1.308s] GC(2) Concurrent Mark (1.308s)
[2019-12-02T17:11:27.978-0100][1.308s] GC(2) Concurrent Mark From Roots
[2019-12-02T17:11:27.978-0100][1.308s] GC(2) Using 3 workers of 3 for marking
[2019-12-02T17:11:27.978-0100][1.309s] GC(2) Concurrent Mark From Roots 0.588ms
[2019-12-02T17:11:27.978-0100][1.309s] GC(2) Concurrent Preclean
[2019-12-02T17:11:27.978-0100][1.309s] GC(2) Concurrent Preclean 0.025ms
[2019-12-02T17:11:27.978-0100][1.309s] GC(2) Concurrent Mark (1.308s, 1.309s) 0.672ms
[2019-12-02T17:11:27.979-0100][1.309s] GC(2) Pause Remark
[2019-12-02T17:11:27.979-0100][1.310s] GC(2) Cleaned string and symbol table, strings: 9959 processed, 0 removed, symbols: 67121 processed, 14 removed
[2019-12-02T17:11:27.979-0100][1.310s] GC(2) Pause Remark 16M->16M(512M) 0.873ms
[2019-12-02T17:11:27.979-0100][1.310s] GC(2) User=0.00s Sys=0.00s Real=0.00s
[2019-12-02T17:11:27.979-0100][1.310s] GC(2) Concurrent Rebuild Remembered Sets
[2019-12-02T17:11:27.982-0100][1.312s] GC(2) Concurrent Rebuild Remembered Sets 2.103ms
[2019-12-02T17:11:27.982-0100][1.313s] GC(2) Pause Cleanup
[2019-12-02T17:11:27.982-0100][1.313s] GC(2) Pause Cleanup 16M->16M(512M) 0.087ms
[2019-12-02T17:11:27.982-0100][1.313s] GC(2) User=0.00s Sys=0.00s Real=0.00s
[2019-12-02T17:11:27.982-0100][1.313s] GC(2) Concurrent Cleanup for Next Mark
[2019-12-02T17:11:27.983-0100][1.313s] GC(2) Concurrent Cleanup for Next Mark 0.589ms
[2019-12-02T17:11:27.983-0100][1.313s] GC(2) Concurrent Cycle 7.423ms
[2019-12-02T17:11:28.462-0100][1.792s] GC(3) Pause Young (Normal) (G1 Evacuation Pause)
[2019-12-02T17:11:28.462-0100][1.792s] GC(3) Using 10 workers of 10 for evacuation
[2019-12-02T17:11:28.468-0100][1.798s] GC(3)   Pre Evacuate Collection Set: 0.0ms
[2019-12-02T17:11:28.468-0100][1.799s] GC(3)   Evacuate Collection Set: 5.9ms
[2019-12-02T17:11:28.468-0100][1.799s] GC(3)   Post Evacuate Collection Set: 0.4ms
[2019-12-02T17:11:28.468-0100][1.799s] GC(3)   Other: 0.1ms
[2019-12-02T17:11:28.468-0100][1.799s] GC(3) Eden regions: 34->0(85)
[2019-12-02T17:11:28.468-0100][1.799s] GC(3) Survivor regions: 12->6(6)
[2019-12-02T17:11:28.468-0100][1.799s] GC(3) Old regions: 0->13
[2019-12-02T17:11:28.468-0100][1.799s] GC(3) Humongous regions: 4->4
[2019-12-02T17:11:28.468-0100][1.799s] GC(3) Metaspace: 24826K->24826K(1073152K)
[2019-12-02T17:11:28.468-0100][1.799s] GC(3) Pause Young (Normal) (G1 Evacuation Pause) 49M->22M(512M) 6.524ms
[2019-12-02T17:11:28.468-0100][1.799s] GC(3) User=0.07s Sys=0.00s Real=0.00s
[2019-12-02T17:11:29.326-0100][2.657s] GC(4) Pause Young (Normal) (G1 Evacuation Pause)
[2019-12-02T17:11:29.326-0100][2.657s] GC(4) Using 10 workers of 10 for evacuation
[2019-12-02T17:11:29.329-0100][2.660s] GC(4)   Pre Evacuate Collection Set: 0.0ms
[2019-12-02T17:11:29.329-0100][2.660s] GC(4)   Evacuate Collection Set: 2.4ms
[2019-12-02T17:11:29.329-0100][2.660s] GC(4)   Post Evacuate Collection Set: 0.4ms
[2019-12-02T17:11:29.329-0100][2.660s] GC(4)   Other: 0.2ms
[2019-12-02T17:11:29.329-0100][2.660s] GC(4) Eden regions: 85->0(120)
[2019-12-02T17:11:29.329-0100][2.660s] GC(4) Survivor regions: 6->10(12)
[2019-12-02T17:11:29.329-0100][2.660s] GC(4) Old regions: 13->13
[2019-12-02T17:11:29.329-0100][2.660s] GC(4) Humongous regions: 4->4
[2019-12-02T17:11:29.329-0100][2.660s] GC(4) Metaspace: 33774K->33774K(1079296K)
[2019-12-02T17:11:29.329-0100][2.660s] GC(4) Pause Young (Normal) (G1 Evacuation Pause) 107M->25M(512M) 3.107ms
[2019-12-02T17:11:29.329-0100][2.660s] GC(4) User=0.03s Sys=0.00s Real=0.00s
[2019-12-02T17:11:29.432-0100][2.763s] GC(5) Pause Young (Concurrent Start) (Metadata GC Threshold)
[2019-12-02T17:11:29.432-0100][2.763s] GC(5) Using 10 workers of 10 for evacuation
[2019-12-02T17:11:29.437-0100][2.767s] GC(5)   Pre Evacuate Collection Set: 0.0ms
[2019-12-02T17:11:29.437-0100][2.767s] GC(5)   Evacuate Collection Set: 3.9ms
[2019-12-02T17:11:29.437-0100][2.767s] GC(5)   Post Evacuate Collection Set: 0.2ms
[2019-12-02T17:11:29.437-0100][2.767s] GC(5)   Other: 0.1ms
[2019-12-02T17:11:29.437-0100][2.767s] GC(5) Eden regions: 17->0(134)
[2019-12-02T17:11:29.437-0100][2.767s] GC(5) Survivor regions: 10->4(17)
[2019-12-02T17:11:29.437-0100][2.767s] GC(5) Old regions: 13->18
[2019-12-02T17:11:29.437-0100][2.767s] GC(5) Humongous regions: 4->4
[2019-12-02T17:11:29.437-0100][2.767s] GC(5) Metaspace: 34966K->34966K(1081344K)
[2019-12-02T17:11:29.437-0100][2.767s] GC(5) Pause Young (Concurrent Start) (Metadata GC Threshold) 41M->25M(512M) 4.402ms
[2019-12-02T17:11:29.437-0100][2.767s] GC(5) User=0.02s Sys=0.00s Real=0.00s
[2019-12-02T17:11:29.437-0100][2.767s] GC(6) Concurrent Cycle
[2019-12-02T17:11:29.437-0100][2.767s] GC(6) Concurrent Clear Claimed Marks
[2019-12-02T17:11:29.437-0100][2.767s] GC(6) Concurrent Clear Claimed Marks 0.024ms
[2019-12-02T17:11:29.437-0100][2.767s] GC(6) Concurrent Scan Root Regions
[2019-12-02T17:11:29.438-0100][2.768s] GC(6) Concurrent Scan Root Regions 1.032ms
[2019-12-02T17:11:29.438-0100][2.768s] GC(6) Concurrent Mark (2.768s)
[2019-12-02T17:11:29.438-0100][2.768s] GC(6) Concurrent Mark From Roots
[2019-12-02T17:11:29.438-0100][2.768s] GC(6) Using 3 workers of 3 for marking
[2019-12-02T17:11:29.445-0100][2.776s] GC(6) Concurrent Mark From Roots 7.550ms
[2019-12-02T17:11:29.446-0100][2.776s] GC(6) Concurrent Preclean
[2019-12-02T17:11:29.446-0100][2.776s] GC(6) Concurrent Preclean 0.077ms
[2019-12-02T17:11:29.446-0100][2.776s] GC(6) Concurrent Mark (2.768s, 2.776s) 7.691ms
[2019-12-02T17:11:29.446-0100][2.776s] GC(6) Pause Remark
[2019-12-02T17:11:29.447-0100][2.778s] GC(6) Cleaned string and symbol table, strings: 17508 processed, 19 removed, symbols: 112720 processed, 46 removed
[2019-12-02T17:11:29.448-0100][2.778s] GC(6) Pause Remark 27M->27M(512M) 1.803ms
[2019-12-02T17:11:29.448-0100][2.778s] GC(6) User=0.01s Sys=0.00s Real=0.00s
[2019-12-02T17:11:29.448-0100][2.778s] GC(6) Concurrent Rebuild Remembered Sets
[2019-12-02T17:11:29.453-0100][2.783s] GC(6) Concurrent Rebuild Remembered Sets 5.148ms
[2019-12-02T17:11:29.453-0100][2.783s] GC(6) Pause Cleanup
[2019-12-02T17:11:29.453-0100][2.783s] GC(6) Pause Cleanup 27M->27M(512M) 0.088ms
[2019-12-02T17:11:29.453-0100][2.783s] GC(6) User=0.00s Sys=0.00s Real=0.00s
[2019-12-02T17:11:29.453-0100][2.784s] GC(6) Concurrent Cleanup for Next Mark
[2019-12-02T17:11:29.454-0100][2.784s] GC(6) Concurrent Cleanup for Next Mark 0.659ms
[2019-12-02T17:11:29.454-0100][2.784s] GC(6) Concurrent Cycle 16.982ms
[2019-12-02T17:11:30.185-0100][3.515s] GC(7) Pause Young (Normal) (G1 Evacuation Pause)
[2019-12-02T17:11:30.185-0100][3.515s] GC(7) Using 10 workers of 10 for evacuation
[2019-12-02T17:11:30.189-0100][3.520s] GC(7)   Pre Evacuate Collection Set: 0.0ms
[2019-12-02T17:11:30.189-0100][3.520s] GC(7)   Evacuate Collection Set: 3.7ms
[2019-12-02T17:11:30.189-0100][3.520s] GC(7)   Post Evacuate Collection Set: 0.5ms
[2019-12-02T17:11:30.189-0100][3.520s] GC(7)   Other: 0.2ms
[2019-12-02T17:11:30.189-0100][3.520s] GC(7) Eden regions: 134->0(205)
[2019-12-02T17:11:30.189-0100][3.520s] GC(7) Survivor regions: 4->10(18)
[2019-12-02T17:11:30.189-0100][3.520s] GC(7) Old regions: 18->18
[2019-12-02T17:11:30.189-0100][3.520s] GC(7) Humongous regions: 5->5
[2019-12-02T17:11:30.189-0100][3.520s] GC(7) Metaspace: 40139K->40139K(1085440K)
[2019-12-02T17:11:30.189-0100][3.520s] GC(7) Pause Young (Normal) (G1 Evacuation Pause) 160M->32M(512M) 4.458ms
[2019-12-02T17:11:30.189-0100][3.520s] GC(7) User=0.05s Sys=0.00s Real=0.00s
[2019-12-02T21:07:08.306-0100][7166.118s] GC(8) Pause Young (Normal) (G1 Evacuation Pause)
[2019-12-02T21:07:08.307-0100][7166.118s] GC(8) Using 10 workers of 10 for evacuation
[2019-12-02T21:07:08.315-0100][7166.127s] GC(8)   Pre Evacuate Collection Set: 0.0ms
[2019-12-02T21:07:08.315-0100][7166.127s] GC(8)   Evacuate Collection Set: 7.2ms
[2019-12-02T21:07:08.315-0100][7166.127s] GC(8)   Post Evacuate Collection Set: 0.6ms
[2019-12-02T21:07:08.315-0100][7166.127s] GC(8)   Other: 0.4ms
[2019-12-02T21:07:08.315-0100][7166.127s] GC(8) Eden regions: 205->0(272)
[2019-12-02T21:07:08.315-0100][7166.127s] GC(8) Survivor regions: 10->15(27)
[2019-12-02T21:07:08.315-0100][7166.127s] GC(8) Old regions: 18->18
[2019-12-02T21:07:08.315-0100][7166.127s] GC(8) Humongous regions: 8->8
[2019-12-02T21:07:08.315-0100][7166.127s] GC(8) Metaspace: 50680K->50680K(1095680K)
[2019-12-02T21:07:08.315-0100][7166.127s] GC(8) Pause Young (Normal) (G1 Evacuation Pause) 240M->40M(512M) 8.373ms
[2019-12-02T21:07:08.315-0100][7166.127s] GC(8) User=0.07s Sys=0.00s Real=0.01s
[2019-12-02T21:39:37.996-0100][9115.793s] Heap
[2019-12-02T21:39:37.996-0100][9115.793s]  garbage-first heap   total 524288K, used 62938K [0x00000007e0000000, 0x0000000800000000)
[2019-12-02T21:39:37.996-0100][9115.793s]   region size 1024K, 37 young (37888K), 15 survivors (15360K)
[2019-12-02T21:39:37.997-0100][9115.793s]  Metaspace       used 51020K, capacity 52135K, committed 52224K, reserved 1095680K
[2019-12-02T21:39:37.997-0100][9115.793s]   class space    used 5897K, capacity 6358K, committed 6400K, reserved 1048576K
