[2019-11-29T23:30:35.873-0100][0.008s] Heap region size: 1M
[2019-11-29T23:30:36.038-0100][0.173s] Using G1
[2019-11-29T23:30:36.038-0100][0.173s] Heap address: 0x00000007e0000000, size: 512 MB, Compressed Oops mode: Zero based, Oop shift amount: 3
[2019-11-29T23:30:36.503-0100][0.639s] GC(0) Pause Young (Normal) (G1 Evacuation Pause)
[2019-11-29T23:30:36.504-0100][0.639s] GC(0) Using 10 workers of 10 for evacuation
[2019-11-29T23:30:36.507-0100][0.642s] GC(0)   Pre Evacuate Collection Set: 0.0ms
[2019-11-29T23:30:36.507-0100][0.642s] GC(0)   Evacuate Collection Set: 2.3ms
[2019-11-29T23:30:36.507-0100][0.642s] GC(0)   Post Evacuate Collection Set: 0.3ms
[2019-11-29T23:30:36.507-0100][0.642s] GC(0)   Other: 0.5ms
[2019-11-29T23:30:36.507-0100][0.642s] GC(0) Eden regions: 30->0(303)
[2019-11-29T23:30:36.507-0100][0.642s] GC(0) Survivor regions: 0->4(4)
[2019-11-29T23:30:36.507-0100][0.642s] GC(0) Old regions: 0->0
[2019-11-29T23:30:36.507-0100][0.642s] GC(0) Humongous regions: 0->0
[2019-11-29T23:30:36.507-0100][0.642s] GC(0) Metaspace: 16239K->16239K(1064960K)
[2019-11-29T23:30:36.507-0100][0.642s] GC(0) Pause Young (Normal) (G1 Evacuation Pause) 30M->3M(512M) 3.209ms
[2019-11-29T23:30:36.507-0100][0.642s] GC(0) User=0.02s Sys=0.00s Real=0.00s
[2019-11-29T23:30:36.686-0100][0.822s] GC(1) Pause Young (Concurrent Start) (Metadata GC Threshold)
[2019-11-29T23:30:36.686-0100][0.822s] GC(1) Using 10 workers of 10 for evacuation
[2019-11-29T23:30:36.696-0100][0.832s] GC(1)   Pre Evacuate Collection Set: 0.0ms
[2019-11-29T23:30:36.696-0100][0.832s] GC(1)   Evacuate Collection Set: 9.6ms
[2019-11-29T23:30:36.696-0100][0.832s] GC(1)   Post Evacuate Collection Set: 0.4ms
[2019-11-29T23:30:36.696-0100][0.832s] GC(1)   Other: 0.2ms
[2019-11-29T23:30:36.696-0100][0.832s] GC(1) Eden regions: 21->0(75)
[2019-11-29T23:30:36.696-0100][0.832s] GC(1) Survivor regions: 4->12(39)
[2019-11-29T23:30:36.696-0100][0.832s] GC(1) Old regions: 0->0
[2019-11-29T23:30:36.696-0100][0.832s] GC(1) Humongous regions: 4->4
[2019-11-29T23:30:36.696-0100][0.832s] GC(1) Metaspace: 20457K->20457K(1069056K)
[2019-11-29T23:30:36.696-0100][0.832s] GC(1) Pause Young (Concurrent Start) (Metadata GC Threshold) 28M->15M(512M) 10.275ms
[2019-11-29T23:30:36.696-0100][0.832s] GC(1) User=0.07s Sys=0.00s Real=0.01s
[2019-11-29T23:30:36.696-0100][0.832s] GC(2) Concurrent Cycle
[2019-11-29T23:30:36.696-0100][0.832s] GC(2) Concurrent Clear Claimed Marks
[2019-11-29T23:30:36.696-0100][0.832s] GC(2) Concurrent Clear Claimed Marks 0.016ms
[2019-11-29T23:30:36.696-0100][0.832s] GC(2) Concurrent Scan Root Regions
[2019-11-29T23:30:36.699-0100][0.835s] GC(2) Concurrent Scan Root Regions 2.679ms
[2019-11-29T23:30:36.699-0100][0.835s] GC(2) Concurrent Mark (0.835s)
[2019-11-29T23:30:36.699-0100][0.835s] GC(2) Concurrent Mark From Roots
[2019-11-29T23:30:36.699-0100][0.835s] GC(2) Using 3 workers of 3 for marking
[2019-11-29T23:30:36.700-0100][0.835s] GC(2) Concurrent Mark From Roots 0.672ms
[2019-11-29T23:30:36.700-0100][0.835s] GC(2) Concurrent Preclean
[2019-11-29T23:30:36.700-0100][0.835s] GC(2) Concurrent Preclean 0.024ms
[2019-11-29T23:30:36.700-0100][0.835s] GC(2) Concurrent Mark (0.835s, 0.835s) 0.731ms
[2019-11-29T23:30:36.700-0100][0.835s] GC(2) Pause Remark
[2019-11-29T23:30:36.701-0100][0.836s] GC(2) Cleaned string and symbol table, strings: 9958 processed, 0 removed, symbols: 67121 processed, 14 removed
[2019-11-29T23:30:36.701-0100][0.836s] GC(2) Pause Remark 16M->16M(512M) 0.887ms
[2019-11-29T23:30:36.701-0100][0.836s] GC(2) User=0.01s Sys=0.00s Real=0.00s
[2019-11-29T23:30:36.701-0100][0.836s] GC(2) Concurrent Rebuild Remembered Sets
[2019-11-29T23:30:36.703-0100][0.839s] GC(2) Concurrent Rebuild Remembered Sets 2.310ms
[2019-11-29T23:30:36.703-0100][0.839s] GC(2) Pause Cleanup
[2019-11-29T23:30:36.703-0100][0.839s] GC(2) Pause Cleanup 16M->16M(512M) 0.121ms
[2019-11-29T23:30:36.703-0100][0.839s] GC(2) User=0.00s Sys=0.00s Real=0.00s
[2019-11-29T23:30:36.704-0100][0.839s] GC(2) Concurrent Cleanup for Next Mark
[2019-11-29T23:30:36.704-0100][0.840s] GC(2) Concurrent Cleanup for Next Mark 0.661ms
[2019-11-29T23:30:36.704-0100][0.840s] GC(2) Concurrent Cycle 7.976ms
[2019-11-29T23:30:37.028-0100][1.163s] GC(3) Pause Young (Normal) (G1 Evacuation Pause)
[2019-11-29T23:30:37.028-0100][1.163s] GC(3) Using 10 workers of 10 for evacuation
[2019-11-29T23:30:37.034-0100][1.170s] GC(3)   Pre Evacuate Collection Set: 0.0ms
[2019-11-29T23:30:37.035-0100][1.170s] GC(3)   Evacuate Collection Set: 6.2ms
[2019-11-29T23:30:37.035-0100][1.170s] GC(3)   Post Evacuate Collection Set: 0.5ms
[2019-11-29T23:30:37.035-0100][1.170s] GC(3)   Other: 0.1ms
[2019-11-29T23:30:37.035-0100][1.170s] GC(3) Eden regions: 40->0(81)
[2019-11-29T23:30:37.035-0100][1.170s] GC(3) Survivor regions: 12->7(7)
[2019-11-29T23:30:37.035-0100][1.170s] GC(3) Old regions: 0->13
[2019-11-29T23:30:37.035-0100][1.170s] GC(3) Humongous regions: 4->4
[2019-11-29T23:30:37.035-0100][1.170s] GC(3) Metaspace: 25311K->25311K(1073152K)
[2019-11-29T23:30:37.035-0100][1.170s] GC(3) Pause Young (Normal) (G1 Evacuation Pause) 55M->23M(512M) 6.925ms
[2019-11-29T23:30:37.035-0100][1.170s] GC(3) User=0.06s Sys=0.00s Real=0.01s
[2019-11-29T23:30:37.625-0100][1.760s] GC(4) Pause Young (Normal) (G1 Evacuation Pause)
[2019-11-29T23:30:37.625-0100][1.760s] GC(4) Using 10 workers of 10 for evacuation
[2019-11-29T23:30:37.630-0100][1.765s] GC(4)   Pre Evacuate Collection Set: 0.0ms
[2019-11-29T23:30:37.630-0100][1.765s] GC(4)   Evacuate Collection Set: 3.6ms
[2019-11-29T23:30:37.630-0100][1.765s] GC(4)   Post Evacuate Collection Set: 1.2ms
[2019-11-29T23:30:37.630-0100][1.765s] GC(4)   Other: 0.2ms
[2019-11-29T23:30:37.630-0100][1.766s] GC(4) Eden regions: 81->0(123)
[2019-11-29T23:30:37.630-0100][1.766s] GC(4) Survivor regions: 7->4(11)
[2019-11-29T23:30:37.630-0100][1.766s] GC(4) Old regions: 13->20
[2019-11-29T23:30:37.630-0100][1.766s] GC(4) Humongous regions: 4->4
[2019-11-29T23:30:37.630-0100][1.766s] GC(4) Metaspace: 34703K->34703K(1081344K)
[2019-11-29T23:30:37.630-0100][1.766s] GC(4) Pause Young (Normal) (G1 Evacuation Pause) 104M->26M(512M) 5.178ms
[2019-11-29T23:30:37.630-0100][1.766s] GC(4) User=0.05s Sys=0.00s Real=0.01s
[2019-11-29T23:30:37.657-0100][1.792s] GC(5) Pause Young (Concurrent Start) (Metadata GC Threshold)
[2019-11-29T23:30:37.657-0100][1.792s] GC(5) Using 10 workers of 10 for evacuation
[2019-11-29T23:30:37.660-0100][1.796s] GC(5)   Pre Evacuate Collection Set: 0.1ms
[2019-11-29T23:30:37.660-0100][1.796s] GC(5)   Evacuate Collection Set: 3.4ms
[2019-11-29T23:30:37.660-0100][1.796s] GC(5)   Post Evacuate Collection Set: 0.2ms
[2019-11-29T23:30:37.660-0100][1.796s] GC(5)   Other: 0.2ms
[2019-11-29T23:30:37.660-0100][1.796s] GC(5) Eden regions: 4->0(126)
[2019-11-29T23:30:37.660-0100][1.796s] GC(5) Survivor regions: 4->4(16)
[2019-11-29T23:30:37.660-0100][1.796s] GC(5) Old regions: 20->20
[2019-11-29T23:30:37.660-0100][1.796s] GC(5) Humongous regions: 4->4
[2019-11-29T23:30:37.660-0100][1.796s] GC(5) Metaspace: 34968K->34968K(1081344K)
[2019-11-29T23:30:37.661-0100][1.796s] GC(5) Pause Young (Concurrent Start) (Metadata GC Threshold) 30M->26M(512M) 3.900ms
[2019-11-29T23:30:37.661-0100][1.796s] GC(5) User=0.02s Sys=0.00s Real=0.01s
[2019-11-29T23:30:37.661-0100][1.796s] GC(6) Concurrent Cycle
[2019-11-29T23:30:37.661-0100][1.796s] GC(6) Concurrent Clear Claimed Marks
[2019-11-29T23:30:37.661-0100][1.796s] GC(6) Concurrent Clear Claimed Marks 0.023ms
[2019-11-29T23:30:37.661-0100][1.796s] GC(6) Concurrent Scan Root Regions
[2019-11-29T23:30:37.662-0100][1.797s] GC(6) Concurrent Scan Root Regions 1.090ms
[2019-11-29T23:30:37.662-0100][1.797s] GC(6) Concurrent Mark (1.797s)
[2019-11-29T23:30:37.662-0100][1.797s] GC(6) Concurrent Mark From Roots
[2019-11-29T23:30:37.662-0100][1.797s] GC(6) Using 3 workers of 3 for marking
[2019-11-29T23:30:37.671-0100][1.807s] GC(6) Concurrent Mark From Roots 9.294ms
[2019-11-29T23:30:37.671-0100][1.807s] GC(6) Concurrent Preclean
[2019-11-29T23:30:37.671-0100][1.807s] GC(6) Concurrent Preclean 0.103ms
[2019-11-29T23:30:37.671-0100][1.807s] GC(6) Concurrent Mark (1.797s, 1.807s) 9.478ms
[2019-11-29T23:30:37.671-0100][1.807s] GC(6) Pause Remark
[2019-11-29T23:30:37.675-0100][1.811s] GC(6) Cleaned string and symbol table, strings: 17451 processed, 24 removed, symbols: 112941 processed, 45 removed
[2019-11-29T23:30:37.676-0100][1.811s] GC(6) Pause Remark 28M->28M(512M) 4.079ms
[2019-11-29T23:30:37.676-0100][1.811s] GC(6) User=0.04s Sys=0.00s Real=0.00s
[2019-11-29T23:30:37.676-0100][1.811s] GC(6) Concurrent Rebuild Remembered Sets
[2019-11-29T23:30:37.683-0100][1.818s] GC(6) Concurrent Rebuild Remembered Sets 6.806ms
[2019-11-29T23:30:37.683-0100][1.818s] GC(6) Pause Cleanup
[2019-11-29T23:30:37.683-0100][1.818s] GC(6) Pause Cleanup 28M->28M(512M) 0.122ms
[2019-11-29T23:30:37.683-0100][1.818s] GC(6) User=0.00s Sys=0.00s Real=0.00s
[2019-11-29T23:30:37.683-0100][1.818s] GC(6) Concurrent Cleanup for Next Mark
[2019-11-29T23:30:37.684-0100][1.820s] GC(6) Concurrent Cleanup for Next Mark 1.249ms
[2019-11-29T23:30:37.684-0100][1.820s] GC(6) Concurrent Cycle 23.660ms
[2019-11-29T23:30:38.233-0100][2.369s] GC(7) Pause Young (Normal) (G1 Evacuation Pause)
[2019-11-29T23:30:38.233-0100][2.369s] GC(7) Using 10 workers of 10 for evacuation
[2019-11-29T23:30:38.237-0100][2.373s] GC(7)   Pre Evacuate Collection Set: 0.0ms
[2019-11-29T23:30:38.237-0100][2.373s] GC(7)   Evacuate Collection Set: 3.2ms
[2019-11-29T23:30:38.237-0100][2.373s] GC(7)   Post Evacuate Collection Set: 0.3ms
[2019-11-29T23:30:38.237-0100][2.373s] GC(7)   Other: 0.1ms
[2019-11-29T23:30:38.237-0100][2.373s] GC(7) Eden regions: 126->0(265)
[2019-11-29T23:30:38.237-0100][2.373s] GC(7) Survivor regions: 4->9(17)
[2019-11-29T23:30:38.237-0100][2.373s] GC(7) Old regions: 20->20
[2019-11-29T23:30:38.237-0100][2.373s] GC(7) Humongous regions: 5->5
[2019-11-29T23:30:38.237-0100][2.373s] GC(7) Metaspace: 39993K->39993K(1085440K)
[2019-11-29T23:30:38.237-0100][2.373s] GC(7) Pause Young (Normal) (G1 Evacuation Pause) 153M->32M(512M) 3.787ms
[2019-11-29T23:30:38.237-0100][2.373s] GC(7) User=0.04s Sys=0.00s Real=0.00s
[2019-11-29T23:34:03.924-0100][208.060s] Heap
[2019-11-29T23:34:03.924-0100][208.060s]  garbage-first heap   total 524288K, used 216986K [0x00000007e0000000, 0x0000000800000000)
[2019-11-29T23:34:03.924-0100][208.060s]   region size 1024K, 189 young (193536K), 9 survivors (9216K)
[2019-11-29T23:34:03.924-0100][208.060s]  Metaspace       used 49424K, capacity 50495K, committed 50816K, reserved 1093632K
[2019-11-29T23:34:03.924-0100][208.060s]   class space    used 5714K, capacity 6158K, committed 6272K, reserved 1048576K
