[2019-12-01T17:16:40.044-0100][0.008s] Heap region size: 1M
[2019-12-01T17:16:40.229-0100][0.193s] Using G1
[2019-12-01T17:16:40.229-0100][0.194s] Heap address: 0x00000007e0000000, size: 512 MB, Compressed Oops mode: Zero based, Oop shift amount: 3
[2019-12-01T17:16:40.687-0100][0.651s] GC(0) Pause Young (Normal) (G1 Evacuation Pause)
[2019-12-01T17:16:40.687-0100][0.652s] GC(0) Using 10 workers of 10 for evacuation
[2019-12-01T17:16:40.690-0100][0.655s] GC(0)   Pre Evacuate Collection Set: 0.0ms
[2019-12-01T17:16:40.690-0100][0.655s] GC(0)   Evacuate Collection Set: 2.3ms
[2019-12-01T17:16:40.690-0100][0.655s] GC(0)   Post Evacuate Collection Set: 0.4ms
[2019-12-01T17:16:40.690-0100][0.655s] GC(0)   Other: 0.5ms
[2019-12-01T17:16:40.690-0100][0.655s] GC(0) Eden regions: 30->0(303)
[2019-12-01T17:16:40.690-0100][0.655s] GC(0) Survivor regions: 0->4(4)
[2019-12-01T17:16:40.690-0100][0.655s] GC(0) Old regions: 0->0
[2019-12-01T17:16:40.690-0100][0.655s] GC(0) Humongous regions: 0->0
[2019-12-01T17:16:40.690-0100][0.655s] GC(0) Metaspace: 16197K->16197K(1064960K)
[2019-12-01T17:16:40.690-0100][0.655s] GC(0) Pause Young (Normal) (G1 Evacuation Pause) 30M->3M(512M) 3.283ms
[2019-12-01T17:16:40.690-0100][0.655s] GC(0) User=0.03s Sys=0.00s Real=0.01s
[2019-12-01T17:16:40.880-0100][0.845s] GC(1) Pause Young (Concurrent Start) (Metadata GC Threshold)
[2019-12-01T17:16:40.880-0100][0.845s] GC(1) Using 10 workers of 10 for evacuation
[2019-12-01T17:16:40.888-0100][0.852s] GC(1)   Pre Evacuate Collection Set: 0.0ms
[2019-12-01T17:16:40.888-0100][0.852s] GC(1)   Evacuate Collection Set: 7.2ms
[2019-12-01T17:16:40.888-0100][0.852s] GC(1)   Post Evacuate Collection Set: 0.4ms
[2019-12-01T17:16:40.888-0100][0.853s] GC(1)   Other: 0.2ms
[2019-12-01T17:16:40.888-0100][0.853s] GC(1) Eden regions: 22->0(77)
[2019-12-01T17:16:40.888-0100][0.853s] GC(1) Survivor regions: 4->12(39)
[2019-12-01T17:16:40.888-0100][0.853s] GC(1) Old regions: 0->0
[2019-12-01T17:16:40.888-0100][0.853s] GC(1) Humongous regions: 4->4
[2019-12-01T17:16:40.888-0100][0.853s] GC(1) Metaspace: 20473K->20473K(1069056K)
[2019-12-01T17:16:40.888-0100][0.853s] GC(1) Pause Young (Concurrent Start) (Metadata GC Threshold) 29M->15M(512M) 7.941ms
[2019-12-01T17:16:40.888-0100][0.853s] GC(1) User=0.04s Sys=0.00s Real=0.00s
[2019-12-01T17:16:40.888-0100][0.853s] GC(2) Concurrent Cycle
[2019-12-01T17:16:40.888-0100][0.853s] GC(2) Concurrent Clear Claimed Marks
[2019-12-01T17:16:40.888-0100][0.853s] GC(2) Concurrent Clear Claimed Marks 0.015ms
[2019-12-01T17:16:40.888-0100][0.853s] GC(2) Concurrent Scan Root Regions
[2019-12-01T17:16:40.890-0100][0.855s] GC(2) Concurrent Scan Root Regions 2.171ms
[2019-12-01T17:16:40.890-0100][0.855s] GC(2) Concurrent Mark (0.855s)
[2019-12-01T17:16:40.890-0100][0.855s] GC(2) Concurrent Mark From Roots
[2019-12-01T17:16:40.890-0100][0.855s] GC(2) Using 3 workers of 3 for marking
[2019-12-01T17:16:40.891-0100][0.856s] GC(2) Concurrent Mark From Roots 0.625ms
[2019-12-01T17:16:40.891-0100][0.856s] GC(2) Concurrent Preclean
[2019-12-01T17:16:40.891-0100][0.856s] GC(2) Concurrent Preclean 0.025ms
[2019-12-01T17:16:40.891-0100][0.856s] GC(2) Concurrent Mark (0.855s, 0.856s) 0.692ms
[2019-12-01T17:16:40.891-0100][0.856s] GC(2) Pause Remark
[2019-12-01T17:16:40.892-0100][0.857s] GC(2) Cleaned string and symbol table, strings: 9942 processed, 0 removed, symbols: 67240 processed, 14 removed
[2019-12-01T17:16:40.892-0100][0.857s] GC(2) Pause Remark 16M->16M(512M) 0.994ms
[2019-12-01T17:16:40.892-0100][0.857s] GC(2) User=0.00s Sys=0.00s Real=0.00s
[2019-12-01T17:16:40.892-0100][0.857s] GC(2) Concurrent Rebuild Remembered Sets
[2019-12-01T17:16:40.895-0100][0.859s] GC(2) Concurrent Rebuild Remembered Sets 2.234ms
[2019-12-01T17:16:40.895-0100][0.859s] GC(2) Pause Cleanup
[2019-12-01T17:16:40.895-0100][0.859s] GC(2) Pause Cleanup 16M->16M(512M) 0.101ms
[2019-12-01T17:16:40.895-0100][0.859s] GC(2) User=0.00s Sys=0.00s Real=0.00s
[2019-12-01T17:16:40.895-0100][0.859s] GC(2) Concurrent Cleanup for Next Mark
[2019-12-01T17:16:40.896-0100][0.860s] GC(2) Concurrent Cleanup for Next Mark 0.655ms
[2019-12-01T17:16:40.896-0100][0.860s] GC(2) Concurrent Cycle 7.430ms
[2019-12-01T17:16:41.215-0100][1.180s] GC(3) Pause Young (Normal) (G1 Evacuation Pause)
[2019-12-01T17:16:41.215-0100][1.180s] GC(3) Using 10 workers of 10 for evacuation
[2019-12-01T17:16:41.222-0100][1.186s] GC(3)   Pre Evacuate Collection Set: 0.0ms
[2019-12-01T17:16:41.222-0100][1.186s] GC(3)   Evacuate Collection Set: 5.6ms
[2019-12-01T17:16:41.222-0100][1.186s] GC(3)   Post Evacuate Collection Set: 0.5ms
[2019-12-01T17:16:41.222-0100][1.186s] GC(3)   Other: 0.1ms
[2019-12-01T17:16:41.222-0100][1.186s] GC(3) Eden regions: 38->0(74)
[2019-12-01T17:16:41.222-0100][1.186s] GC(3) Survivor regions: 12->7(7)
[2019-12-01T17:16:41.222-0100][1.186s] GC(3) Old regions: 0->12
[2019-12-01T17:16:41.222-0100][1.186s] GC(3) Humongous regions: 4->4
[2019-12-01T17:16:41.222-0100][1.186s] GC(3) Metaspace: 25200K->25200K(1073152K)
[2019-12-01T17:16:41.222-0100][1.186s] GC(3) Pause Young (Normal) (G1 Evacuation Pause) 53M->22M(512M) 6.346ms
[2019-12-01T17:16:41.222-0100][1.186s] GC(3) User=0.05s Sys=0.00s Real=0.01s
[2019-12-01T17:16:41.767-0100][1.731s] GC(4) Pause Young (Normal) (G1 Evacuation Pause)
[2019-12-01T17:16:41.767-0100][1.731s] GC(4) Using 10 workers of 10 for evacuation
[2019-12-01T17:16:41.769-0100][1.734s] GC(4)   Pre Evacuate Collection Set: 0.0ms
[2019-12-01T17:16:41.769-0100][1.734s] GC(4)   Evacuate Collection Set: 2.2ms
[2019-12-01T17:16:41.769-0100][1.734s] GC(4)   Post Evacuate Collection Set: 0.3ms
[2019-12-01T17:16:41.769-0100][1.734s] GC(4)   Other: 0.1ms
[2019-12-01T17:16:41.769-0100][1.734s] GC(4) Eden regions: 74->0(117)
[2019-12-01T17:16:41.769-0100][1.734s] GC(4) Survivor regions: 7->4(11)
[2019-12-01T17:16:41.769-0100][1.734s] GC(4) Old regions: 12->19
[2019-12-01T17:16:41.769-0100][1.734s] GC(4) Humongous regions: 4->4
[2019-12-01T17:16:41.769-0100][1.734s] GC(4) Metaspace: 33723K->33723K(1079296K)
[2019-12-01T17:16:41.769-0100][1.734s] GC(4) Pause Young (Normal) (G1 Evacuation Pause) 96M->26M(512M) 2.623ms
[2019-12-01T17:16:41.769-0100][1.734s] GC(4) User=0.03s Sys=0.00s Real=0.00s
[2019-12-01T17:16:41.855-0100][1.819s] GC(5) Pause Young (Concurrent Start) (Metadata GC Threshold)
[2019-12-01T17:16:41.855-0100][1.819s] GC(5) Using 10 workers of 10 for evacuation
[2019-12-01T17:16:41.858-0100][1.822s] GC(5)   Pre Evacuate Collection Set: 0.1ms
[2019-12-01T17:16:41.858-0100][1.822s] GC(5)   Evacuate Collection Set: 2.6ms
[2019-12-01T17:16:41.858-0100][1.822s] GC(5)   Post Evacuate Collection Set: 0.3ms
[2019-12-01T17:16:41.858-0100][1.822s] GC(5)   Other: 0.2ms
[2019-12-01T17:16:41.858-0100][1.822s] GC(5) Eden regions: 16->0(131)
[2019-12-01T17:16:41.858-0100][1.822s] GC(5) Survivor regions: 4->4(16)
[2019-12-01T17:16:41.858-0100][1.822s] GC(5) Old regions: 19->19
[2019-12-01T17:16:41.858-0100][1.822s] GC(5) Humongous regions: 4->4
[2019-12-01T17:16:41.858-0100][1.822s] GC(5) Metaspace: 34882K->34882K(1081344K)
[2019-12-01T17:16:41.858-0100][1.822s] GC(5) Pause Young (Concurrent Start) (Metadata GC Threshold) 42M->26M(512M) 3.207ms
[2019-12-01T17:16:41.858-0100][1.822s] GC(5) User=0.02s Sys=0.00s Real=0.00s
[2019-12-01T17:16:41.858-0100][1.823s] GC(6) Concurrent Cycle
[2019-12-01T17:16:41.858-0100][1.823s] GC(6) Concurrent Clear Claimed Marks
[2019-12-01T17:16:41.858-0100][1.823s] GC(6) Concurrent Clear Claimed Marks 0.017ms
[2019-12-01T17:16:41.858-0100][1.823s] GC(6) Concurrent Scan Root Regions
[2019-12-01T17:16:41.859-0100][1.823s] GC(6) Concurrent Scan Root Regions 0.925ms
[2019-12-01T17:16:41.859-0100][1.823s] GC(6) Concurrent Mark (1.823s)
[2019-12-01T17:16:41.859-0100][1.823s] GC(6) Concurrent Mark From Roots
[2019-12-01T17:16:41.859-0100][1.824s] GC(6) Using 3 workers of 3 for marking
[2019-12-01T17:16:41.866-0100][1.830s] GC(6) Concurrent Mark From Roots 6.913ms
[2019-12-01T17:16:41.866-0100][1.830s] GC(6) Concurrent Preclean
[2019-12-01T17:16:41.866-0100][1.831s] GC(6) Concurrent Preclean 0.072ms
[2019-12-01T17:16:41.866-0100][1.831s] GC(6) Concurrent Mark (1.823s, 1.831s) 7.052ms
[2019-12-01T17:16:41.866-0100][1.831s] GC(6) Pause Remark
[2019-12-01T17:16:41.868-0100][1.833s] GC(6) Cleaned string and symbol table, strings: 17419 processed, 24 removed, symbols: 112897 processed, 44 removed
[2019-12-01T17:16:41.869-0100][1.833s] GC(6) Pause Remark 28M->28M(512M) 2.232ms
[2019-12-01T17:16:41.869-0100][1.833s] GC(6) User=0.02s Sys=0.00s Real=0.00s
[2019-12-01T17:16:41.869-0100][1.833s] GC(6) Concurrent Rebuild Remembered Sets
[2019-12-01T17:16:41.874-0100][1.838s] GC(6) Concurrent Rebuild Remembered Sets 5.064ms
[2019-12-01T17:16:41.874-0100][1.838s] GC(6) Pause Cleanup
[2019-12-01T17:16:41.874-0100][1.839s] GC(6) Pause Cleanup 29M->29M(512M) 0.108ms
[2019-12-01T17:16:41.874-0100][1.839s] GC(6) User=0.00s Sys=0.00s Real=0.00s
[2019-12-01T17:16:41.874-0100][1.839s] GC(6) Concurrent Cleanup for Next Mark
[2019-12-01T17:16:41.875-0100][1.839s] GC(6) Concurrent Cleanup for Next Mark 0.664ms
[2019-12-01T17:16:41.875-0100][1.839s] GC(6) Concurrent Cycle 16.792ms
[2019-12-01T17:16:42.308-0100][2.273s] GC(7) Pause Young (Normal) (G1 Evacuation Pause)
[2019-12-01T17:16:42.308-0100][2.273s] GC(7) Using 10 workers of 10 for evacuation
[2019-12-01T17:16:42.312-0100][2.276s] GC(7)   Pre Evacuate Collection Set: 0.0ms
[2019-12-01T17:16:42.312-0100][2.276s] GC(7)   Evacuate Collection Set: 2.7ms
[2019-12-01T17:16:42.312-0100][2.276s] GC(7)   Post Evacuate Collection Set: 0.4ms
[2019-12-01T17:16:42.312-0100][2.276s] GC(7)   Other: 0.1ms
[2019-12-01T17:16:42.312-0100][2.276s] GC(7) Eden regions: 131->0(270)
[2019-12-01T17:16:42.312-0100][2.276s] GC(7) Survivor regions: 4->10(17)
[2019-12-01T17:16:42.312-0100][2.276s] GC(7) Old regions: 19->19
[2019-12-01T17:16:42.312-0100][2.276s] GC(7) Humongous regions: 5->5
[2019-12-01T17:16:42.312-0100][2.276s] GC(7) Metaspace: 40048K->40048K(1085440K)
[2019-12-01T17:16:42.312-0100][2.276s] GC(7) Pause Young (Normal) (G1 Evacuation Pause) 158M->32M(512M) 3.277ms
[2019-12-01T17:16:42.312-0100][2.276s] GC(7) User=0.04s Sys=0.00s Real=0.01s
[2019-12-01T18:05:28.478-0100][2681.039s] Heap
[2019-12-01T18:05:28.479-0100][2681.039s]  garbage-first heap   total 524288K, used 290739K [0x00000007e0000000, 0x0000000800000000)
[2019-12-01T18:05:28.479-0100][2681.039s]   region size 1024K, 259 young (265216K), 10 survivors (10240K)
[2019-12-01T18:05:28.479-0100][2681.039s]  Metaspace       used 51528K, capacity 52721K, committed 53120K, reserved 1095680K
[2019-12-01T18:05:28.479-0100][2681.039s]   class space    used 5935K, capacity 6429K, committed 6528K, reserved 1048576K
