[2019-11-29T23:39:27.172-0100][0.010s] Heap region size: 1M
[2019-11-29T23:39:27.372-0100][0.210s] Using G1
[2019-11-29T23:39:27.372-0100][0.210s] Heap address: 0x00000007e0000000, size: 512 MB, Compressed Oops mode: Zero based, Oop shift amount: 3
[2019-11-29T23:39:27.967-0100][0.805s] GC(0) Pause Young (Normal) (G1 Evacuation Pause)
[2019-11-29T23:39:27.967-0100][0.805s] GC(0) Using 10 workers of 10 for evacuation
[2019-11-29T23:39:27.970-0100][0.808s] GC(0)   Pre Evacuate Collection Set: 0.0ms
[2019-11-29T23:39:27.970-0100][0.808s] GC(0)   Evacuate Collection Set: 2.2ms
[2019-11-29T23:39:27.970-0100][0.808s] GC(0)   Post Evacuate Collection Set: 0.5ms
[2019-11-29T23:39:27.970-0100][0.808s] GC(0)   Other: 0.4ms
[2019-11-29T23:39:27.970-0100][0.808s] GC(0) Eden regions: 30->0(303)
[2019-11-29T23:39:27.970-0100][0.808s] GC(0) Survivor regions: 0->4(4)
[2019-11-29T23:39:27.970-0100][0.808s] GC(0) Old regions: 0->0
[2019-11-29T23:39:27.970-0100][0.808s] GC(0) Humongous regions: 0->0
[2019-11-29T23:39:27.970-0100][0.808s] GC(0) Metaspace: 16228K->16228K(1064960K)
[2019-11-29T23:39:27.970-0100][0.808s] GC(0) Pause Young (Normal) (G1 Evacuation Pause) 30M->3M(512M) 3.278ms
[2019-11-29T23:39:27.970-0100][0.808s] GC(0) User=0.03s Sys=0.00s Real=0.01s
[2019-11-29T23:39:28.201-0100][1.038s] GC(1) Pause Young (Concurrent Start) (Metadata GC Threshold)
[2019-11-29T23:39:28.201-0100][1.038s] GC(1) Using 10 workers of 10 for evacuation
[2019-11-29T23:39:28.209-0100][1.047s] GC(1)   Pre Evacuate Collection Set: 0.0ms
[2019-11-29T23:39:28.210-0100][1.047s] GC(1)   Evacuate Collection Set: 8.1ms
[2019-11-29T23:39:28.210-0100][1.047s] GC(1)   Post Evacuate Collection Set: 0.5ms
[2019-11-29T23:39:28.210-0100][1.047s] GC(1)   Other: 0.2ms
[2019-11-29T23:39:28.210-0100][1.047s] GC(1) Eden regions: 22->0(72)
[2019-11-29T23:39:28.210-0100][1.047s] GC(1) Survivor regions: 4->12(39)
[2019-11-29T23:39:28.210-0100][1.047s] GC(1) Old regions: 0->0
[2019-11-29T23:39:28.210-0100][1.047s] GC(1) Humongous regions: 4->4
[2019-11-29T23:39:28.210-0100][1.047s] GC(1) Metaspace: 20478K->20478K(1069056K)
[2019-11-29T23:39:28.210-0100][1.047s] GC(1) Pause Young (Concurrent Start) (Metadata GC Threshold) 29M->15M(512M) 9.015ms
[2019-11-29T23:39:28.210-0100][1.047s] GC(1) User=0.05s Sys=0.00s Real=0.01s
[2019-11-29T23:39:28.210-0100][1.047s] GC(2) Concurrent Cycle
[2019-11-29T23:39:28.210-0100][1.047s] GC(2) Concurrent Clear Claimed Marks
[2019-11-29T23:39:28.210-0100][1.047s] GC(2) Concurrent Clear Claimed Marks 0.033ms
[2019-11-29T23:39:28.210-0100][1.047s] GC(2) Concurrent Scan Root Regions
[2019-11-29T23:39:28.212-0100][1.050s] GC(2) Concurrent Scan Root Regions 2.267ms
[2019-11-29T23:39:28.212-0100][1.050s] GC(2) Concurrent Mark (1.050s)
[2019-11-29T23:39:28.212-0100][1.050s] GC(2) Concurrent Mark From Roots
[2019-11-29T23:39:28.212-0100][1.050s] GC(2) Using 3 workers of 3 for marking
[2019-11-29T23:39:28.213-0100][1.050s] GC(2) Concurrent Mark From Roots 0.874ms
[2019-11-29T23:39:28.213-0100][1.051s] GC(2) Concurrent Preclean
[2019-11-29T23:39:28.213-0100][1.051s] GC(2) Concurrent Preclean 0.033ms
[2019-11-29T23:39:28.213-0100][1.051s] GC(2) Concurrent Mark (1.050s, 1.051s) 0.960ms
[2019-11-29T23:39:28.213-0100][1.051s] GC(2) Pause Remark
[2019-11-29T23:39:28.214-0100][1.051s] GC(2) Cleaned string and symbol table, strings: 9959 processed, 0 removed, symbols: 67241 processed, 14 removed
[2019-11-29T23:39:28.214-0100][1.052s] GC(2) Pause Remark 16M->16M(512M) 0.991ms
[2019-11-29T23:39:28.214-0100][1.052s] GC(2) User=0.01s Sys=0.00s Real=0.00s
[2019-11-29T23:39:28.214-0100][1.052s] GC(2) Concurrent Rebuild Remembered Sets
[2019-11-29T23:39:28.217-0100][1.054s] GC(2) Concurrent Rebuild Remembered Sets 2.703ms
[2019-11-29T23:39:28.217-0100][1.054s] GC(2) Pause Cleanup
[2019-11-29T23:39:28.217-0100][1.055s] GC(2) Pause Cleanup 16M->16M(512M) 0.106ms
[2019-11-29T23:39:28.217-0100][1.055s] GC(2) User=0.00s Sys=0.00s Real=0.00s
[2019-11-29T23:39:28.217-0100][1.055s] GC(2) Concurrent Cleanup for Next Mark
[2019-11-29T23:39:28.218-0100][1.055s] GC(2) Concurrent Cleanup for Next Mark 0.654ms
[2019-11-29T23:39:28.218-0100][1.055s] GC(2) Concurrent Cycle 8.156ms
[2019-11-29T23:39:28.628-0100][1.465s] GC(3) Pause Young (Normal) (G1 Evacuation Pause)
[2019-11-29T23:39:28.628-0100][1.465s] GC(3) Using 10 workers of 10 for evacuation
[2019-11-29T23:39:28.636-0100][1.474s] GC(3)   Pre Evacuate Collection Set: 0.0ms
[2019-11-29T23:39:28.636-0100][1.474s] GC(3)   Evacuate Collection Set: 7.8ms
[2019-11-29T23:39:28.636-0100][1.474s] GC(3)   Post Evacuate Collection Set: 0.4ms
[2019-11-29T23:39:28.636-0100][1.474s] GC(3)   Other: 0.1ms
[2019-11-29T23:39:28.636-0100][1.474s] GC(3) Eden regions: 40->0(84)
[2019-11-29T23:39:28.636-0100][1.474s] GC(3) Survivor regions: 12->7(7)
[2019-11-29T23:39:28.636-0100][1.474s] GC(3) Old regions: 0->13
[2019-11-29T23:39:28.636-0100][1.474s] GC(3) Humongous regions: 4->4
[2019-11-29T23:39:28.636-0100][1.474s] GC(3) Metaspace: 25467K->25467K(1073152K)
[2019-11-29T23:39:28.636-0100][1.474s] GC(3) Pause Young (Normal) (G1 Evacuation Pause) 55M->23M(512M) 8.504ms
[2019-11-29T23:39:28.636-0100][1.474s] GC(3) User=0.09s Sys=0.00s Real=0.01s
[2019-11-29T23:39:29.367-0100][2.204s] GC(4) Pause Young (Concurrent Start) (Metadata GC Threshold)
[2019-11-29T23:39:29.367-0100][2.204s] GC(4) Using 10 workers of 10 for evacuation
[2019-11-29T23:39:29.371-0100][2.209s] GC(4)   Pre Evacuate Collection Set: 0.0ms
[2019-11-29T23:39:29.371-0100][2.209s] GC(4)   Evacuate Collection Set: 3.7ms
[2019-11-29T23:39:29.371-0100][2.209s] GC(4)   Post Evacuate Collection Set: 0.4ms
[2019-11-29T23:39:29.371-0100][2.209s] GC(4)   Other: 0.2ms
[2019-11-29T23:39:29.371-0100][2.209s] GC(4) Eden regions: 82->0(114)
[2019-11-29T23:39:29.371-0100][2.209s] GC(4) Survivor regions: 7->9(12)
[2019-11-29T23:39:29.371-0100][2.209s] GC(4) Old regions: 13->13
[2019-11-29T23:39:29.371-0100][2.209s] GC(4) Humongous regions: 4->4
[2019-11-29T23:39:29.371-0100][2.209s] GC(4) Metaspace: 35010K->35010K(1081344K)
[2019-11-29T23:39:29.371-0100][2.209s] GC(4) Pause Young (Concurrent Start) (Metadata GC Threshold) 105M->25M(512M) 4.310ms
[2019-11-29T23:39:29.371-0100][2.209s] GC(4) User=0.02s Sys=0.00s Real=0.01s
[2019-11-29T23:39:29.371-0100][2.209s] GC(5) Concurrent Cycle
[2019-11-29T23:39:29.371-0100][2.209s] GC(5) Concurrent Clear Claimed Marks
[2019-11-29T23:39:29.371-0100][2.209s] GC(5) Concurrent Clear Claimed Marks 0.021ms
[2019-11-29T23:39:29.371-0100][2.209s] GC(5) Concurrent Scan Root Regions
[2019-11-29T23:39:29.373-0100][2.210s] GC(5) Concurrent Scan Root Regions 1.590ms
[2019-11-29T23:39:29.373-0100][2.211s] GC(5) Concurrent Mark (2.210s)
[2019-11-29T23:39:29.373-0100][2.211s] GC(5) Concurrent Mark From Roots
[2019-11-29T23:39:29.373-0100][2.211s] GC(5) Using 3 workers of 3 for marking
[2019-11-29T23:39:29.384-0100][2.221s] GC(5) Concurrent Mark From Roots 10.517ms
[2019-11-29T23:39:29.384-0100][2.221s] GC(5) Concurrent Preclean
[2019-11-29T23:39:29.384-0100][2.221s] GC(5) Concurrent Preclean 0.081ms
[2019-11-29T23:39:29.384-0100][2.221s] GC(5) Concurrent Mark (2.210s, 2.221s) 10.680ms
[2019-11-29T23:39:29.384-0100][2.221s] GC(5) Pause Remark
[2019-11-29T23:39:29.385-0100][2.223s] GC(5) Cleaned string and symbol table, strings: 17452 processed, 19 removed, symbols: 113288 processed, 45 removed
[2019-11-29T23:39:29.385-0100][2.223s] GC(5) Pause Remark 27M->27M(512M) 1.647ms
[2019-11-29T23:39:29.385-0100][2.223s] GC(5) User=0.02s Sys=0.00s Real=0.00s
[2019-11-29T23:39:29.385-0100][2.223s] GC(5) Concurrent Rebuild Remembered Sets
[2019-11-29T23:39:29.391-0100][2.228s] GC(5) Concurrent Rebuild Remembered Sets 5.399ms
[2019-11-29T23:39:29.391-0100][2.228s] GC(5) Pause Cleanup
[2019-11-29T23:39:29.391-0100][2.229s] GC(5) Pause Cleanup 28M->28M(512M) 0.103ms
[2019-11-29T23:39:29.391-0100][2.229s] GC(5) User=0.00s Sys=0.00s Real=0.00s
[2019-11-29T23:39:29.391-0100][2.229s] GC(5) Concurrent Cleanup for Next Mark
[2019-11-29T23:39:29.392-0100][2.229s] GC(5) Concurrent Cleanup for Next Mark 0.716ms
[2019-11-29T23:39:29.392-0100][2.229s] GC(5) Concurrent Cycle 20.572ms
[2019-11-29T23:39:29.809-0100][2.647s] GC(6) Pause Young (Normal) (G1 Evacuation Pause)
[2019-11-29T23:39:29.810-0100][2.647s] GC(6) Using 10 workers of 10 for evacuation
[2019-11-29T23:39:29.813-0100][2.651s] GC(6)   Pre Evacuate Collection Set: 0.0ms
[2019-11-29T23:39:29.813-0100][2.651s] GC(6)   Evacuate Collection Set: 3.3ms
[2019-11-29T23:39:29.813-0100][2.651s] GC(6)   Post Evacuate Collection Set: 0.5ms
[2019-11-29T23:39:29.813-0100][2.651s] GC(6)   Other: 0.1ms
[2019-11-29T23:39:29.813-0100][2.651s] GC(6) Eden regions: 116->0(166)
[2019-11-29T23:39:29.813-0100][2.651s] GC(6) Survivor regions: 9->9(16)
[2019-11-29T23:39:29.813-0100][2.651s] GC(6) Old regions: 13->19
[2019-11-29T23:39:29.813-0100][2.651s] GC(6) Humongous regions: 5->5
[2019-11-29T23:39:29.813-0100][2.651s] GC(6) Metaspace: 40047K->40047K(1085440K)
[2019-11-29T23:39:29.813-0100][2.651s] GC(6) Pause Young (Normal) (G1 Evacuation Pause) 142M->32M(512M) 3.990ms
[2019-11-29T23:39:29.813-0100][2.651s] GC(6) User=0.04s Sys=0.01s Real=0.01s
[2019-11-29T23:39:48.373-0100][21.211s] GC(7) Pause Young (Normal) (G1 Evacuation Pause)
[2019-11-29T23:39:48.373-0100][21.211s] GC(7) Using 10 workers of 10 for evacuation
[2019-11-29T23:39:48.378-0100][21.215s] GC(7)   Pre Evacuate Collection Set: 0.0ms
[2019-11-29T23:39:48.378-0100][21.215s] GC(7)   Evacuate Collection Set: 4.0ms
[2019-11-29T23:39:48.378-0100][21.215s] GC(7)   Post Evacuate Collection Set: 0.5ms
[2019-11-29T23:39:48.378-0100][21.215s] GC(7)   Other: 0.2ms
[2019-11-29T23:39:48.378-0100][21.215s] GC(7) Eden regions: 166->0(274)
[2019-11-29T23:39:48.378-0100][21.215s] GC(7) Survivor regions: 9->14(22)
[2019-11-29T23:39:48.378-0100][21.216s] GC(7) Old regions: 19->19
[2019-11-29T23:39:48.378-0100][21.216s] GC(7) Humongous regions: 5->5
[2019-11-29T23:39:48.378-0100][21.216s] GC(7) Metaspace: 48596K->48596K(1093632K)
[2019-11-29T23:39:48.378-0100][21.216s] GC(7) Pause Young (Normal) (G1 Evacuation Pause) 198M->36M(512M) 4.824ms
[2019-11-29T23:39:48.378-0100][21.216s] GC(7) User=0.04s Sys=0.00s Real=0.00s
[2019-11-30T01:15:33.254-0100][5766.019s] Heap
[2019-11-30T01:15:33.254-0100][5766.019s]  garbage-first heap   total 524288K, used 126428K [0x00000007e0000000, 0x0000000800000000)
[2019-11-30T01:15:33.254-0100][5766.019s]   region size 1024K, 99 young (101376K), 14 survivors (14336K)
[2019-11-30T01:15:33.254-0100][5766.019s]  Metaspace       used 51544K, capacity 52695K, committed 52736K, reserved 1095680K
[2019-11-30T01:15:33.254-0100][5766.019s]   class space    used 5934K, capacity 6397K, committed 6400K, reserved 1048576K
