[2019-12-01T13:30:01.899-0100][0.011s] Heap region size: 1M
[2019-12-01T13:30:02.119-0100][0.230s] Using G1
[2019-12-01T13:30:02.119-0100][0.230s] Heap address: 0x00000007e0000000, size: 512 MB, Compressed Oops mode: Zero based, Oop shift amount: 3
[2019-12-01T13:30:03.022-0100][1.134s] GC(0) Pause Young (Normal) (G1 Evacuation Pause)
[2019-12-01T13:30:03.023-0100][1.134s] GC(0) Using 10 workers of 10 for evacuation
[2019-12-01T13:30:03.027-0100][1.139s] GC(0)   Pre Evacuate Collection Set: 0.0ms
[2019-12-01T13:30:03.027-0100][1.139s] GC(0)   Evacuate Collection Set: 3.5ms
[2019-12-01T13:30:03.027-0100][1.139s] GC(0)   Post Evacuate Collection Set: 1.1ms
[2019-12-01T13:30:03.027-0100][1.139s] GC(0)   Other: 0.5ms
[2019-12-01T13:30:03.028-0100][1.139s] GC(0) Eden regions: 30->0(303)
[2019-12-01T13:30:03.028-0100][1.139s] GC(0) Survivor regions: 0->4(4)
[2019-12-01T13:30:03.028-0100][1.139s] GC(0) Old regions: 0->0
[2019-12-01T13:30:03.028-0100][1.139s] GC(0) Humongous regions: 0->0
[2019-12-01T13:30:03.028-0100][1.139s] GC(0) Metaspace: 16274K->16274K(1064960K)
[2019-12-01T13:30:03.028-0100][1.139s] GC(0) Pause Young (Normal) (G1 Evacuation Pause) 30M->3M(512M) 5.296ms
[2019-12-01T13:30:03.028-0100][1.139s] GC(0) User=0.04s Sys=0.00s Real=0.00s
[2019-12-01T13:30:03.356-0100][1.467s] GC(1) Pause Young (Concurrent Start) (Metadata GC Threshold)
[2019-12-01T13:30:03.356-0100][1.467s] GC(1) Using 10 workers of 10 for evacuation
[2019-12-01T13:30:03.368-0100][1.480s] GC(1)   Pre Evacuate Collection Set: 0.0ms
[2019-12-01T13:30:03.368-0100][1.480s] GC(1)   Evacuate Collection Set: 11.5ms
[2019-12-01T13:30:03.368-0100][1.480s] GC(1)   Post Evacuate Collection Set: 0.8ms
[2019-12-01T13:30:03.368-0100][1.480s] GC(1)   Other: 0.3ms
[2019-12-01T13:30:03.368-0100][1.480s] GC(1) Eden regions: 22->0(76)
[2019-12-01T13:30:03.368-0100][1.480s] GC(1) Survivor regions: 4->12(39)
[2019-12-01T13:30:03.368-0100][1.480s] GC(1) Old regions: 0->0
[2019-12-01T13:30:03.368-0100][1.480s] GC(1) Humongous regions: 4->4
[2019-12-01T13:30:03.368-0100][1.480s] GC(1) Metaspace: 20470K->20470K(1069056K)
[2019-12-01T13:30:03.368-0100][1.480s] GC(1) Pause Young (Concurrent Start) (Metadata GC Threshold) 29M->15M(512M) 12.797ms
[2019-12-01T13:30:03.369-0100][1.480s] GC(1) User=0.08s Sys=0.00s Real=0.01s
[2019-12-01T13:30:03.369-0100][1.480s] GC(2) Concurrent Cycle
[2019-12-01T13:30:03.369-0100][1.480s] GC(2) Concurrent Clear Claimed Marks
[2019-12-01T13:30:03.369-0100][1.480s] GC(2) Concurrent Clear Claimed Marks 0.062ms
[2019-12-01T13:30:03.369-0100][1.480s] GC(2) Concurrent Scan Root Regions
[2019-12-01T13:30:03.372-0100][1.483s] GC(2) Concurrent Scan Root Regions 2.911ms
[2019-12-01T13:30:03.372-0100][1.483s] GC(2) Concurrent Mark (1.483s)
[2019-12-01T13:30:03.372-0100][1.483s] GC(2) Concurrent Mark From Roots
[2019-12-01T13:30:03.372-0100][1.483s] GC(2) Using 3 workers of 3 for marking
[2019-12-01T13:30:03.373-0100][1.484s] GC(2) Concurrent Mark From Roots 0.920ms
[2019-12-01T13:30:03.373-0100][1.484s] GC(2) Concurrent Preclean
[2019-12-01T13:30:03.373-0100][1.484s] GC(2) Concurrent Preclean 0.035ms
[2019-12-01T13:30:03.373-0100][1.484s] GC(2) Concurrent Mark (1.483s, 1.484s) 1.015ms
[2019-12-01T13:30:03.373-0100][1.484s] GC(2) Pause Remark
[2019-12-01T13:30:03.374-0100][1.485s] GC(2) Cleaned string and symbol table, strings: 9941 processed, 0 removed, symbols: 67121 processed, 14 removed
[2019-12-01T13:30:03.374-0100][1.485s] GC(2) Pause Remark 16M->16M(512M) 1.126ms
[2019-12-01T13:30:03.374-0100][1.485s] GC(2) User=0.01s Sys=0.00s Real=0.00s
[2019-12-01T13:30:03.374-0100][1.485s] GC(2) Concurrent Rebuild Remembered Sets
[2019-12-01T13:30:03.377-0100][1.488s] GC(2) Concurrent Rebuild Remembered Sets 2.694ms
[2019-12-01T13:30:03.378-0100][1.490s] GC(2) Pause Cleanup
[2019-12-01T13:30:03.378-0100][1.490s] GC(2) Pause Cleanup 16M->16M(512M) 0.141ms
[2019-12-01T13:30:03.378-0100][1.490s] GC(2) User=0.00s Sys=0.00s Real=0.00s
[2019-12-01T13:30:03.379-0100][1.490s] GC(2) Concurrent Cleanup for Next Mark
[2019-12-01T13:30:03.379-0100][1.491s] GC(2) Concurrent Cleanup for Next Mark 0.955ms
[2019-12-01T13:30:03.380-0100][1.491s] GC(2) Concurrent Cycle 10.981ms
[2019-12-01T13:30:03.981-0100][2.093s] GC(3) Pause Young (Normal) (G1 Evacuation Pause)
[2019-12-01T13:30:03.981-0100][2.093s] GC(3) Using 10 workers of 10 for evacuation
[2019-12-01T13:30:03.990-0100][2.102s] GC(3)   Pre Evacuate Collection Set: 0.0ms
[2019-12-01T13:30:03.990-0100][2.102s] GC(3)   Evacuate Collection Set: 8.6ms
[2019-12-01T13:30:03.990-0100][2.102s] GC(3)   Post Evacuate Collection Set: 0.5ms
[2019-12-01T13:30:03.990-0100][2.102s] GC(3)   Other: 0.1ms
[2019-12-01T13:30:03.990-0100][2.102s] GC(3) Eden regions: 36->0(70)
[2019-12-01T13:30:03.990-0100][2.102s] GC(3) Survivor regions: 12->6(6)
[2019-12-01T13:30:03.990-0100][2.102s] GC(3) Old regions: 0->14
[2019-12-01T13:30:03.990-0100][2.102s] GC(3) Humongous regions: 4->4
[2019-12-01T13:30:03.990-0100][2.102s] GC(3) Metaspace: 24819K->24819K(1073152K)
[2019-12-01T13:30:03.990-0100][2.102s] GC(3) Pause Young (Normal) (G1 Evacuation Pause) 51M->23M(512M) 9.405ms
[2019-12-01T13:30:03.991-0100][2.102s] GC(3) User=0.09s Sys=0.01s Real=0.01s
[2019-12-01T13:30:05.098-0100][3.209s] GC(4) Pause Young (Normal) (G1 Evacuation Pause)
[2019-12-01T13:30:05.098-0100][3.210s] GC(4) Using 10 workers of 10 for evacuation
[2019-12-01T13:30:05.102-0100][3.213s] GC(4)   Pre Evacuate Collection Set: 0.1ms
[2019-12-01T13:30:05.102-0100][3.213s] GC(4)   Evacuate Collection Set: 3.3ms
[2019-12-01T13:30:05.102-0100][3.214s] GC(4)   Post Evacuate Collection Set: 0.4ms
[2019-12-01T13:30:05.102-0100][3.214s] GC(4)   Other: 0.2ms
[2019-12-01T13:30:05.102-0100][3.214s] GC(4) Eden regions: 70->0(106)
[2019-12-01T13:30:05.102-0100][3.214s] GC(4) Survivor regions: 6->8(10)
[2019-12-01T13:30:05.102-0100][3.214s] GC(4) Old regions: 14->14
[2019-12-01T13:30:05.102-0100][3.214s] GC(4) Humongous regions: 4->4
[2019-12-01T13:30:05.102-0100][3.214s] GC(4) Metaspace: 33133K->33133K(1079296K)
[2019-12-01T13:30:05.102-0100][3.214s] GC(4) Pause Young (Normal) (G1 Evacuation Pause) 93M->25M(512M) 4.094ms
[2019-12-01T13:30:05.102-0100][3.214s] GC(4) User=0.04s Sys=0.00s Real=0.01s
[2019-12-01T13:30:05.414-0100][3.526s] GC(5) Pause Young (Concurrent Start) (Metadata GC Threshold)
[2019-12-01T13:30:05.414-0100][3.526s] GC(5) Using 10 workers of 10 for evacuation
[2019-12-01T13:30:05.421-0100][3.533s] GC(5)   Pre Evacuate Collection Set: 0.1ms
[2019-12-01T13:30:05.421-0100][3.533s] GC(5)   Evacuate Collection Set: 6.0ms
[2019-12-01T13:30:05.421-0100][3.533s] GC(5)   Post Evacuate Collection Set: 0.6ms
[2019-12-01T13:30:05.421-0100][3.533s] GC(5)   Other: 0.2ms
[2019-12-01T13:30:05.421-0100][3.533s] GC(5) Eden regions: 24->0(108)
[2019-12-01T13:30:05.421-0100][3.533s] GC(5) Survivor regions: 8->9(15)
[2019-12-01T13:30:05.421-0100][3.533s] GC(5) Old regions: 14->14
[2019-12-01T13:30:05.421-0100][3.533s] GC(5) Humongous regions: 4->4
[2019-12-01T13:30:05.421-0100][3.533s] GC(5) Metaspace: 34910K->34910K(1081344K)
[2019-12-01T13:30:05.421-0100][3.533s] GC(5) Pause Young (Concurrent Start) (Metadata GC Threshold) 48M->26M(512M) 7.034ms
[2019-12-01T13:30:05.422-0100][3.533s] GC(5) User=0.05s Sys=0.00s Real=0.01s
[2019-12-01T13:30:05.422-0100][3.533s] GC(6) Concurrent Cycle
[2019-12-01T13:30:05.422-0100][3.533s] GC(6) Concurrent Clear Claimed Marks
[2019-12-01T13:30:05.422-0100][3.533s] GC(6) Concurrent Clear Claimed Marks 0.056ms
[2019-12-01T13:30:05.422-0100][3.533s] GC(6) Concurrent Scan Root Regions
[2019-12-01T13:30:05.425-0100][3.536s] GC(6) Concurrent Scan Root Regions 2.835ms
[2019-12-01T13:30:05.425-0100][3.536s] GC(6) Concurrent Mark (3.536s)
[2019-12-01T13:30:05.425-0100][3.536s] GC(6) Concurrent Mark From Roots
[2019-12-01T13:30:05.425-0100][3.536s] GC(6) Using 3 workers of 3 for marking
[2019-12-01T13:30:05.435-0100][3.547s] GC(6) Concurrent Mark From Roots 10.847ms
[2019-12-01T13:30:05.435-0100][3.547s] GC(6) Concurrent Preclean
[2019-12-01T13:30:05.436-0100][3.547s] GC(6) Concurrent Preclean 0.083ms
[2019-12-01T13:30:05.436-0100][3.547s] GC(6) Concurrent Mark (3.536s, 3.547s) 11.023ms
[2019-12-01T13:30:05.436-0100][3.547s] GC(6) Pause Remark
[2019-12-01T13:30:05.439-0100][3.551s] GC(6) Cleaned string and symbol table, strings: 17375 processed, 19 removed, symbols: 112610 processed, 46 removed
[2019-12-01T13:30:05.439-0100][3.551s] GC(6) Pause Remark 27M->27M(512M) 3.554ms
[2019-12-01T13:30:05.439-0100][3.551s] GC(6) User=0.03s Sys=0.00s Real=0.00s
[2019-12-01T13:30:05.439-0100][3.551s] GC(6) Concurrent Rebuild Remembered Sets
[2019-12-01T13:30:05.447-0100][3.559s] GC(6) Concurrent Rebuild Remembered Sets 8.117ms
[2019-12-01T13:30:05.448-0100][3.559s] GC(6) Pause Cleanup
[2019-12-01T13:30:05.448-0100][3.559s] GC(6) Pause Cleanup 28M->28M(512M) 0.120ms
[2019-12-01T13:30:05.448-0100][3.559s] GC(6) User=0.00s Sys=0.00s Real=0.00s
[2019-12-01T13:30:05.448-0100][3.559s] GC(6) Concurrent Cleanup for Next Mark
[2019-12-01T13:30:05.449-0100][3.560s] GC(6) Concurrent Cleanup for Next Mark 1.012ms
[2019-12-01T13:30:05.449-0100][3.560s] GC(6) Concurrent Cycle 27.264ms
[2019-12-01T13:30:06.296-0100][4.408s] GC(7) Pause Young (Normal) (G1 Evacuation Pause)
[2019-12-01T13:30:06.296-0100][4.408s] GC(7) Using 10 workers of 10 for evacuation
[2019-12-01T13:30:06.301-0100][4.413s] GC(7)   Pre Evacuate Collection Set: 0.0ms
[2019-12-01T13:30:06.301-0100][4.413s] GC(7)   Evacuate Collection Set: 4.6ms
[2019-12-01T13:30:06.301-0100][4.413s] GC(7)   Post Evacuate Collection Set: 0.4ms
[2019-12-01T13:30:06.302-0100][4.413s] GC(7)   Other: 0.1ms
[2019-12-01T13:30:06.302-0100][4.413s] GC(7) Eden regions: 108->0(170)
[2019-12-01T13:30:06.302-0100][4.413s] GC(7) Survivor regions: 9->10(15)
[2019-12-01T13:30:06.302-0100][4.413s] GC(7) Old regions: 14->19
[2019-12-01T13:30:06.302-0100][4.413s] GC(7) Humongous regions: 5->5
[2019-12-01T13:30:06.302-0100][4.413s] GC(7) Metaspace: 39882K->39882K(1085440K)
[2019-12-01T13:30:06.302-0100][4.413s] GC(7) Pause Young (Normal) (G1 Evacuation Pause) 135M->32M(512M) 5.273ms
[2019-12-01T13:30:06.302-0100][4.413s] GC(7) User=0.05s Sys=0.00s Real=0.01s
[2019-12-01T13:30:07.179-0100][5.290s] GC(8) Pause Young (Normal) (G1 Evacuation Pause)
[2019-12-01T13:30:07.179-0100][5.290s] GC(8) Using 10 workers of 10 for evacuation
[2019-12-01T13:30:07.185-0100][5.297s] GC(8)   Pre Evacuate Collection Set: 0.0ms
[2019-12-01T13:30:07.185-0100][5.297s] GC(8)   Evacuate Collection Set: 5.6ms
[2019-12-01T13:30:07.185-0100][5.297s] GC(8)   Post Evacuate Collection Set: 0.6ms
[2019-12-01T13:30:07.185-0100][5.297s] GC(8)   Other: 0.2ms
[2019-12-01T13:30:07.185-0100][5.297s] GC(8) Eden regions: 170->0(293)
[2019-12-01T13:30:07.185-0100][5.297s] GC(8) Survivor regions: 10->14(23)
[2019-12-01T13:30:07.185-0100][5.297s] GC(8) Old regions: 19->19
[2019-12-01T13:30:07.185-0100][5.297s] GC(8) Humongous regions: 5->5
[2019-12-01T13:30:07.185-0100][5.297s] GC(8) Metaspace: 47168K->47168K(1091584K)
[2019-12-01T13:30:07.185-0100][5.297s] GC(8) Pause Young (Normal) (G1 Evacuation Pause) 202M->36M(512M) 6.524ms
[2019-12-01T13:30:07.185-0100][5.297s] GC(8) User=0.07s Sys=0.00s Real=0.01s
[2019-12-01T17:16:35.438-0100][10949.669s] Heap
[2019-12-01T17:16:35.438-0100][10949.669s]  garbage-first heap   total 524288K, used 229132K [0x00000007e0000000, 0x0000000800000000)
[2019-12-01T17:16:35.438-0100][10949.669s]   region size 1024K, 199 young (203776K), 14 survivors (14336K)
[2019-12-01T17:16:35.438-0100][10949.669s]  Metaspace       used 52085K, capacity 53292K, committed 53632K, reserved 1095680K
[2019-12-01T17:16:35.438-0100][10949.669s]   class space    used 5976K, capacity 6445K, committed 6528K, reserved 1048576K
