[2019-12-01T18:05:33.156-0100][0.008s] Heap region size: 1M
[2019-12-01T18:05:33.342-0100][0.194s] Using G1
[2019-12-01T18:05:33.342-0100][0.194s] Heap address: 0x00000007e0000000, size: 512 MB, Compressed Oops mode: Zero based, Oop shift amount: 3
[2019-12-01T18:05:33.796-0100][0.648s] GC(0) Pause Young (Normal) (G1 Evacuation Pause)
[2019-12-01T18:05:33.797-0100][0.649s] GC(0) Using 10 workers of 10 for evacuation
[2019-12-01T18:05:33.800-0100][0.652s] GC(0)   Pre Evacuate Collection Set: 0.0ms
[2019-12-01T18:05:33.800-0100][0.652s] GC(0)   Evacuate Collection Set: 2.2ms
[2019-12-01T18:05:33.800-0100][0.652s] GC(0)   Post Evacuate Collection Set: 0.4ms
[2019-12-01T18:05:33.800-0100][0.652s] GC(0)   Other: 0.8ms
[2019-12-01T18:05:33.800-0100][0.652s] GC(0) Eden regions: 30->0(303)
[2019-12-01T18:05:33.800-0100][0.652s] GC(0) Survivor regions: 0->4(4)
[2019-12-01T18:05:33.800-0100][0.652s] GC(0) Old regions: 0->0
[2019-12-01T18:05:33.800-0100][0.652s] GC(0) Humongous regions: 0->0
[2019-12-01T18:05:33.800-0100][0.652s] GC(0) Metaspace: 16225K->16225K(1064960K)
[2019-12-01T18:05:33.800-0100][0.652s] GC(0) Pause Young (Normal) (G1 Evacuation Pause) 30M->3M(512M) 3.524ms
[2019-12-01T18:05:33.800-0100][0.652s] GC(0) User=0.03s Sys=0.01s Real=0.01s
[2019-12-01T18:05:33.989-0100][0.841s] GC(1) Pause Young (Concurrent Start) (Metadata GC Threshold)
[2019-12-01T18:05:33.989-0100][0.841s] GC(1) Using 10 workers of 10 for evacuation
[2019-12-01T18:05:33.998-0100][0.850s] GC(1)   Pre Evacuate Collection Set: 0.0ms
[2019-12-01T18:05:33.998-0100][0.850s] GC(1)   Evacuate Collection Set: 7.8ms
[2019-12-01T18:05:33.998-0100][0.850s] GC(1)   Post Evacuate Collection Set: 0.4ms
[2019-12-01T18:05:33.998-0100][0.850s] GC(1)   Other: 0.2ms
[2019-12-01T18:05:33.998-0100][0.850s] GC(1) Eden regions: 22->0(77)
[2019-12-01T18:05:33.998-0100][0.850s] GC(1) Survivor regions: 4->12(39)
[2019-12-01T18:05:33.998-0100][0.850s] GC(1) Old regions: 0->0
[2019-12-01T18:05:33.998-0100][0.850s] GC(1) Humongous regions: 4->4
[2019-12-01T18:05:33.998-0100][0.850s] GC(1) Metaspace: 20453K->20453K(1069056K)
[2019-12-01T18:05:33.998-0100][0.850s] GC(1) Pause Young (Concurrent Start) (Metadata GC Threshold) 29M->15M(512M) 8.462ms
[2019-12-01T18:05:33.998-0100][0.850s] GC(1) User=0.06s Sys=0.00s Real=0.01s
[2019-12-01T18:05:33.998-0100][0.850s] GC(2) Concurrent Cycle
[2019-12-01T18:05:33.998-0100][0.850s] GC(2) Concurrent Clear Claimed Marks
[2019-12-01T18:05:33.998-0100][0.850s] GC(2) Concurrent Clear Claimed Marks 0.016ms
[2019-12-01T18:05:33.998-0100][0.850s] GC(2) Concurrent Scan Root Regions
[2019-12-01T18:05:34.000-0100][0.852s] GC(2) Concurrent Scan Root Regions 2.384ms
[2019-12-01T18:05:34.000-0100][0.852s] GC(2) Concurrent Mark (0.852s)
[2019-12-01T18:05:34.000-0100][0.852s] GC(2) Concurrent Mark From Roots
[2019-12-01T18:05:34.000-0100][0.852s] GC(2) Using 3 workers of 3 for marking
[2019-12-01T18:05:34.001-0100][0.853s] GC(2) Concurrent Mark From Roots 0.629ms
[2019-12-01T18:05:34.001-0100][0.853s] GC(2) Concurrent Preclean
[2019-12-01T18:05:34.001-0100][0.853s] GC(2) Concurrent Preclean 0.038ms
[2019-12-01T18:05:34.001-0100][0.853s] GC(2) Concurrent Mark (0.852s, 0.853s) 0.698ms
[2019-12-01T18:05:34.001-0100][0.853s] GC(2) Pause Remark
[2019-12-01T18:05:34.002-0100][0.854s] GC(2) Cleaned string and symbol table, strings: 9946 processed, 0 removed, symbols: 67121 processed, 14 removed
[2019-12-01T18:05:34.002-0100][0.854s] GC(2) Pause Remark 16M->16M(512M) 1.002ms
[2019-12-01T18:05:34.002-0100][0.854s] GC(2) User=0.01s Sys=0.00s Real=0.00s
[2019-12-01T18:05:34.002-0100][0.854s] GC(2) Concurrent Rebuild Remembered Sets
[2019-12-01T18:05:34.005-0100][0.857s] GC(2) Concurrent Rebuild Remembered Sets 2.250ms
[2019-12-01T18:05:34.005-0100][0.857s] GC(2) Pause Cleanup
[2019-12-01T18:05:34.005-0100][0.857s] GC(2) Pause Cleanup 16M->16M(512M) 0.179ms
[2019-12-01T18:05:34.005-0100][0.857s] GC(2) User=0.00s Sys=0.00s Real=0.00s
[2019-12-01T18:05:34.005-0100][0.857s] GC(2) Concurrent Cleanup for Next Mark
[2019-12-01T18:05:34.006-0100][0.858s] GC(2) Concurrent Cleanup for Next Mark 0.811ms
[2019-12-01T18:05:34.006-0100][0.858s] GC(2) Concurrent Cycle 7.896ms
[2019-12-01T18:05:34.283-0100][1.135s] GC(3) Pause Young (Normal) (G1 Evacuation Pause)
[2019-12-01T18:05:34.283-0100][1.135s] GC(3) Using 10 workers of 10 for evacuation
[2019-12-01T18:05:34.289-0100][1.141s] GC(3)   Pre Evacuate Collection Set: 0.0ms
[2019-12-01T18:05:34.289-0100][1.141s] GC(3)   Evacuate Collection Set: 6.0ms
[2019-12-01T18:05:34.289-0100][1.141s] GC(3)   Post Evacuate Collection Set: 0.4ms
[2019-12-01T18:05:34.289-0100][1.141s] GC(3)   Other: 0.1ms
[2019-12-01T18:05:34.289-0100][1.141s] GC(3) Eden regions: 35->0(76)
[2019-12-01T18:05:34.289-0100][1.141s] GC(3) Survivor regions: 12->6(6)
[2019-12-01T18:05:34.289-0100][1.141s] GC(3) Old regions: 0->13
[2019-12-01T18:05:34.289-0100][1.141s] GC(3) Humongous regions: 4->4
[2019-12-01T18:05:34.289-0100][1.141s] GC(3) Metaspace: 24737K->24737K(1071104K)
[2019-12-01T18:05:34.289-0100][1.142s] GC(3) Pause Young (Normal) (G1 Evacuation Pause) 50M->22M(512M) 6.635ms
[2019-12-01T18:05:34.289-0100][1.142s] GC(3) User=0.06s Sys=0.00s Real=0.00s
[2019-12-01T18:05:34.917-0100][1.769s] GC(4) Pause Young (Normal) (G1 Evacuation Pause)
[2019-12-01T18:05:34.917-0100][1.769s] GC(4) Using 10 workers of 10 for evacuation
[2019-12-01T18:05:34.920-0100][1.773s] GC(4)   Pre Evacuate Collection Set: 0.0ms
[2019-12-01T18:05:34.921-0100][1.773s] GC(4)   Evacuate Collection Set: 2.6ms
[2019-12-01T18:05:34.921-0100][1.773s] GC(4)   Post Evacuate Collection Set: 0.4ms
[2019-12-01T18:05:34.921-0100][1.773s] GC(4)   Other: 0.1ms
[2019-12-01T18:05:34.921-0100][1.773s] GC(4) Eden regions: 76->0(113)
[2019-12-01T18:05:34.921-0100][1.773s] GC(4) Survivor regions: 6->9(11)
[2019-12-01T18:05:34.921-0100][1.773s] GC(4) Old regions: 13->13
[2019-12-01T18:05:34.921-0100][1.773s] GC(4) Humongous regions: 4->4
[2019-12-01T18:05:34.921-0100][1.773s] GC(4) Metaspace: 33540K->33540K(1079296K)
[2019-12-01T18:05:34.921-0100][1.773s] GC(4) Pause Young (Normal) (G1 Evacuation Pause) 98M->25M(512M) 3.213ms
[2019-12-01T18:05:34.921-0100][1.773s] GC(4) User=0.03s Sys=0.00s Real=0.01s
[2019-12-01T18:05:35.023-0100][1.875s] GC(5) Pause Young (Concurrent Start) (Metadata GC Threshold)
[2019-12-01T18:05:35.023-0100][1.875s] GC(5) Using 10 workers of 10 for evacuation
[2019-12-01T18:05:35.028-0100][1.880s] GC(5)   Pre Evacuate Collection Set: 0.0ms
[2019-12-01T18:05:35.028-0100][1.880s] GC(5)   Evacuate Collection Set: 3.9ms
[2019-12-01T18:05:35.028-0100][1.880s] GC(5)   Post Evacuate Collection Set: 0.8ms
[2019-12-01T18:05:35.028-0100][1.880s] GC(5)   Other: 0.1ms
[2019-12-01T18:05:35.028-0100][1.880s] GC(5) Eden regions: 19->0(118)
[2019-12-01T18:05:35.028-0100][1.880s] GC(5) Survivor regions: 9->4(16)
[2019-12-01T18:05:35.028-0100][1.880s] GC(5) Old regions: 13->19
[2019-12-01T18:05:35.028-0100][1.880s] GC(5) Humongous regions: 4->4
[2019-12-01T18:05:35.028-0100][1.880s] GC(5) Metaspace: 34912K->34912K(1081344K)
[2019-12-01T18:05:35.028-0100][1.880s] GC(5) Pause Young (Concurrent Start) (Metadata GC Threshold) 44M->26M(512M) 4.960ms
[2019-12-01T18:05:35.028-0100][1.880s] GC(5) User=0.03s Sys=0.00s Real=0.00s
[2019-12-01T18:05:35.028-0100][1.880s] GC(6) Concurrent Cycle
[2019-12-01T18:05:35.028-0100][1.880s] GC(6) Concurrent Clear Claimed Marks
[2019-12-01T18:05:35.028-0100][1.880s] GC(6) Concurrent Clear Claimed Marks 0.023ms
[2019-12-01T18:05:35.028-0100][1.880s] GC(6) Concurrent Scan Root Regions
[2019-12-01T18:05:35.029-0100][1.881s] GC(6) Concurrent Scan Root Regions 1.031ms
[2019-12-01T18:05:35.029-0100][1.881s] GC(6) Concurrent Mark (1.881s)
[2019-12-01T18:05:35.029-0100][1.881s] GC(6) Concurrent Mark From Roots
[2019-12-01T18:05:35.029-0100][1.881s] GC(6) Using 3 workers of 3 for marking
[2019-12-01T18:05:35.036-0100][1.888s] GC(6) Concurrent Mark From Roots 6.853ms
[2019-12-01T18:05:35.036-0100][1.888s] GC(6) Concurrent Preclean
[2019-12-01T18:05:35.036-0100][1.888s] GC(6) Concurrent Preclean 0.058ms
[2019-12-01T18:05:35.036-0100][1.888s] GC(6) Concurrent Mark (1.881s, 1.888s) 6.989ms
[2019-12-01T18:05:35.036-0100][1.888s] GC(6) Pause Remark
[2019-12-01T18:05:35.037-0100][1.889s] GC(6) Cleaned string and symbol table, strings: 17449 processed, 19 removed, symbols: 113073 processed, 45 removed
[2019-12-01T18:05:35.038-0100][1.890s] GC(6) Pause Remark 27M->27M(512M) 1.684ms
[2019-12-01T18:05:35.038-0100][1.890s] GC(6) User=0.01s Sys=0.00s Real=0.00s
[2019-12-01T18:05:35.038-0100][1.890s] GC(6) Concurrent Rebuild Remembered Sets
[2019-12-01T18:05:35.043-0100][1.895s] GC(6) Concurrent Rebuild Remembered Sets 4.931ms
[2019-12-01T18:05:35.043-0100][1.895s] GC(6) Pause Cleanup
[2019-12-01T18:05:35.043-0100][1.895s] GC(6) Pause Cleanup 28M->28M(512M) 0.082ms
[2019-12-01T18:05:35.043-0100][1.895s] GC(6) User=0.00s Sys=0.00s Real=0.00s
[2019-12-01T18:05:35.043-0100][1.895s] GC(6) Concurrent Cleanup for Next Mark
[2019-12-01T18:05:35.044-0100][1.896s] GC(6) Concurrent Cleanup for Next Mark 0.663ms
[2019-12-01T18:05:35.044-0100][1.896s] GC(6) Concurrent Cycle 15.896ms
[2019-12-01T18:05:35.473-0100][2.325s] GC(7) Pause Young (Normal) (G1 Evacuation Pause)
[2019-12-01T18:05:35.473-0100][2.325s] GC(7) Using 10 workers of 10 for evacuation
[2019-12-01T18:05:35.476-0100][2.328s] GC(7)   Pre Evacuate Collection Set: 0.0ms
[2019-12-01T18:05:35.476-0100][2.328s] GC(7)   Evacuate Collection Set: 2.6ms
[2019-12-01T18:05:35.476-0100][2.328s] GC(7)   Post Evacuate Collection Set: 0.3ms
[2019-12-01T18:05:35.476-0100][2.328s] GC(7)   Other: 0.1ms
[2019-12-01T18:05:35.476-0100][2.328s] GC(7) Eden regions: 118->0(181)
[2019-12-01T18:05:35.476-0100][2.328s] GC(7) Survivor regions: 4->10(16)
[2019-12-01T18:05:35.476-0100][2.328s] GC(7) Old regions: 19->19
[2019-12-01T18:05:35.476-0100][2.328s] GC(7) Humongous regions: 5->5
[2019-12-01T18:05:35.476-0100][2.328s] GC(7) Metaspace: 40026K->40026K(1085440K)
[2019-12-01T18:05:35.476-0100][2.328s] GC(7) Pause Young (Normal) (G1 Evacuation Pause) 145M->32M(512M) 3.176ms
[2019-12-01T18:05:35.476-0100][2.328s] GC(7) User=0.03s Sys=0.00s Real=0.00s
[2019-12-01T18:07:31.018-0100][117.870s] GC(8) Pause Young (Normal) (G1 Evacuation Pause)
[2019-12-01T18:07:31.018-0100][117.870s] GC(8) Using 10 workers of 10 for evacuation
[2019-12-01T18:07:31.042-0100][117.894s] GC(8)   Pre Evacuate Collection Set: 0.0ms
[2019-12-01T18:07:31.042-0100][117.894s] GC(8)   Evacuate Collection Set: 18.1ms
[2019-12-01T18:07:31.042-0100][117.894s] GC(8)   Post Evacuate Collection Set: 4.9ms
[2019-12-01T18:07:31.042-0100][117.894s] GC(8)   Other: 0.4ms
[2019-12-01T18:07:31.042-0100][117.894s] GC(8) Eden regions: 181->0(292)
[2019-12-01T18:07:31.042-0100][117.894s] GC(8) Survivor regions: 10->15(24)
[2019-12-01T18:07:31.042-0100][117.894s] GC(8) Old regions: 19->19
[2019-12-01T18:07:31.042-0100][117.894s] GC(8) Humongous regions: 8->8
[2019-12-01T18:07:31.042-0100][117.894s] GC(8) Metaspace: 50298K->50298K(1095680K)
[2019-12-01T18:07:31.042-0100][117.894s] GC(8) Pause Young (Normal) (G1 Evacuation Pause) 216M->40M(512M) 23.578ms
[2019-12-01T18:07:31.042-0100][117.894s] GC(8) User=0.09s Sys=0.00s Real=0.03s
[2019-12-01T18:07:31.177-0100][118.029s] Heap
[2019-12-01T18:07:31.177-0100][118.029s]  garbage-first heap   total 524288K, used 51102K [0x00000007e0000000, 0x0000000800000000)
[2019-12-01T18:07:31.177-0100][118.029s]   region size 1024K, 25 young (25600K), 15 survivors (15360K)
[2019-12-01T18:07:31.177-0100][118.029s]  Metaspace       used 50594K, capacity 51693K, committed 51968K, reserved 1095680K
[2019-12-01T18:07:31.177-0100][118.029s]   class space    used 5877K, capacity 6323K, committed 6400K, reserved 1048576K
