[2019-11-29T23:34:22.824-0100][0.008s] Heap region size: 1M
[2019-11-29T23:34:22.985-0100][0.169s] Using G1
[2019-11-29T23:34:22.985-0100][0.169s] Heap address: 0x00000007e0000000, size: 512 MB, Compressed Oops mode: Zero based, Oop shift amount: 3
[2019-11-29T23:34:23.624-0100][0.808s] GC(0) Pause Young (Normal) (G1 Evacuation Pause)
[2019-11-29T23:34:23.624-0100][0.808s] GC(0) Using 10 workers of 10 for evacuation
[2019-11-29T23:34:23.627-0100][0.811s] GC(0)   Pre Evacuate Collection Set: 0.0ms
[2019-11-29T23:34:23.627-0100][0.811s] GC(0)   Evacuate Collection Set: 2.6ms
[2019-11-29T23:34:23.627-0100][0.811s] GC(0)   Post Evacuate Collection Set: 0.4ms
[2019-11-29T23:34:23.627-0100][0.811s] GC(0)   Other: 0.6ms
[2019-11-29T23:34:23.627-0100][0.811s] GC(0) Eden regions: 30->0(303)
[2019-11-29T23:34:23.627-0100][0.811s] GC(0) Survivor regions: 0->4(4)
[2019-11-29T23:34:23.627-0100][0.811s] GC(0) Old regions: 0->0
[2019-11-29T23:34:23.627-0100][0.811s] GC(0) Humongous regions: 0->0
[2019-11-29T23:34:23.627-0100][0.811s] GC(0) Metaspace: 16145K->16145K(1064960K)
[2019-11-29T23:34:23.627-0100][0.811s] GC(0) Pause Young (Normal) (G1 Evacuation Pause) 30M->3M(512M) 3.693ms
[2019-11-29T23:34:23.627-0100][0.811s] GC(0) User=0.03s Sys=0.00s Real=0.00s
[2019-11-29T23:34:23.839-0100][1.023s] GC(1) Pause Young (Concurrent Start) (Metadata GC Threshold)
[2019-11-29T23:34:23.839-0100][1.023s] GC(1) Using 10 workers of 10 for evacuation
[2019-11-29T23:34:23.849-0100][1.033s] GC(1)   Pre Evacuate Collection Set: 0.0ms
[2019-11-29T23:34:23.849-0100][1.033s] GC(1)   Evacuate Collection Set: 8.8ms
[2019-11-29T23:34:23.849-0100][1.033s] GC(1)   Post Evacuate Collection Set: 0.5ms
[2019-11-29T23:34:23.849-0100][1.033s] GC(1)   Other: 0.2ms
[2019-11-29T23:34:23.849-0100][1.033s] GC(1) Eden regions: 22->0(77)
[2019-11-29T23:34:23.849-0100][1.033s] GC(1) Survivor regions: 4->12(39)
[2019-11-29T23:34:23.849-0100][1.033s] GC(1) Old regions: 0->0
[2019-11-29T23:34:23.849-0100][1.033s] GC(1) Humongous regions: 4->4
[2019-11-29T23:34:23.849-0100][1.033s] GC(1) Metaspace: 20471K->20471K(1069056K)
[2019-11-29T23:34:23.849-0100][1.033s] GC(1) Pause Young (Concurrent Start) (Metadata GC Threshold) 29M->15M(512M) 9.562ms
[2019-11-29T23:34:23.849-0100][1.033s] GC(1) User=0.06s Sys=0.00s Real=0.01s
[2019-11-29T23:34:23.849-0100][1.033s] GC(2) Concurrent Cycle
[2019-11-29T23:34:23.849-0100][1.033s] GC(2) Concurrent Clear Claimed Marks
[2019-11-29T23:34:23.849-0100][1.033s] GC(2) Concurrent Clear Claimed Marks 0.034ms
[2019-11-29T23:34:23.849-0100][1.033s] GC(2) Concurrent Scan Root Regions
[2019-11-29T23:34:23.851-0100][1.036s] GC(2) Concurrent Scan Root Regions 2.452ms
[2019-11-29T23:34:23.851-0100][1.036s] GC(2) Concurrent Mark (1.036s)
[2019-11-29T23:34:23.851-0100][1.036s] GC(2) Concurrent Mark From Roots
[2019-11-29T23:34:23.851-0100][1.036s] GC(2) Using 3 workers of 3 for marking
[2019-11-29T23:34:23.852-0100][1.036s] GC(2) Concurrent Mark From Roots 0.753ms
[2019-11-29T23:34:23.852-0100][1.036s] GC(2) Concurrent Preclean
[2019-11-29T23:34:23.852-0100][1.036s] GC(2) Concurrent Preclean 0.033ms
[2019-11-29T23:34:23.852-0100][1.036s] GC(2) Concurrent Mark (1.036s, 1.036s) 0.840ms
[2019-11-29T23:34:23.852-0100][1.037s] GC(2) Pause Remark
[2019-11-29T23:34:23.853-0100][1.037s] GC(2) Cleaned string and symbol table, strings: 9976 processed, 0 removed, symbols: 67159 processed, 14 removed
[2019-11-29T23:34:23.854-0100][1.038s] GC(2) Pause Remark 16M->16M(512M) 1.023ms
[2019-11-29T23:34:23.854-0100][1.038s] GC(2) User=0.00s Sys=0.00s Real=0.00s
[2019-11-29T23:34:23.854-0100][1.038s] GC(2) Concurrent Rebuild Remembered Sets
[2019-11-29T23:34:23.856-0100][1.040s] GC(2) Concurrent Rebuild Remembered Sets 2.494ms
[2019-11-29T23:34:23.856-0100][1.040s] GC(2) Pause Cleanup
[2019-11-29T23:34:23.856-0100][1.040s] GC(2) Pause Cleanup 16M->16M(512M) 0.109ms
[2019-11-29T23:34:23.856-0100][1.040s] GC(2) User=0.00s Sys=0.00s Real=0.00s
[2019-11-29T23:34:23.856-0100][1.041s] GC(2) Concurrent Cleanup for Next Mark
[2019-11-29T23:34:23.857-0100][1.041s] GC(2) Concurrent Cleanup for Next Mark 0.673ms
[2019-11-29T23:34:23.857-0100][1.041s] GC(2) Concurrent Cycle 8.252ms
[2019-11-29T23:34:24.215-0100][1.399s] GC(3) Pause Young (Normal) (G1 Evacuation Pause)
[2019-11-29T23:34:24.215-0100][1.399s] GC(3) Using 10 workers of 10 for evacuation
[2019-11-29T23:34:24.221-0100][1.405s] GC(3)   Pre Evacuate Collection Set: 0.0ms
[2019-11-29T23:34:24.221-0100][1.405s] GC(3)   Evacuate Collection Set: 5.7ms
[2019-11-29T23:34:24.221-0100][1.405s] GC(3)   Post Evacuate Collection Set: 0.4ms
[2019-11-29T23:34:24.221-0100][1.405s] GC(3)   Other: 0.1ms
[2019-11-29T23:34:24.221-0100][1.405s] GC(3) Eden regions: 37->0(84)
[2019-11-29T23:34:24.221-0100][1.405s] GC(3) Survivor regions: 12->7(7)
[2019-11-29T23:34:24.221-0100][1.405s] GC(3) Old regions: 0->12
[2019-11-29T23:34:24.221-0100][1.405s] GC(3) Humongous regions: 4->4
[2019-11-29T23:34:24.221-0100][1.405s] GC(3) Metaspace: 25231K->25231K(1073152K)
[2019-11-29T23:34:24.221-0100][1.405s] GC(3) Pause Young (Normal) (G1 Evacuation Pause) 52M->22M(512M) 6.273ms
[2019-11-29T23:34:24.221-0100][1.405s] GC(3) User=0.06s Sys=0.00s Real=0.01s
[2019-11-29T23:34:24.900-0100][2.084s] GC(4) Pause Young (Normal) (G1 Evacuation Pause)
[2019-11-29T23:34:24.900-0100][2.084s] GC(4) Using 10 workers of 10 for evacuation
[2019-11-29T23:34:24.903-0100][2.087s] GC(4)   Pre Evacuate Collection Set: 0.0ms
[2019-11-29T23:34:24.903-0100][2.087s] GC(4)   Evacuate Collection Set: 2.7ms
[2019-11-29T23:34:24.903-0100][2.087s] GC(4)   Post Evacuate Collection Set: 0.3ms
[2019-11-29T23:34:24.903-0100][2.087s] GC(4)   Other: 0.1ms
[2019-11-29T23:34:24.903-0100][2.087s] GC(4) Eden regions: 84->0(126)
[2019-11-29T23:34:24.903-0100][2.087s] GC(4) Survivor regions: 7->4(12)
[2019-11-29T23:34:24.903-0100][2.087s] GC(4) Old regions: 12->19
[2019-11-29T23:34:24.903-0100][2.087s] GC(4) Humongous regions: 4->4
[2019-11-29T23:34:24.903-0100][2.087s] GC(4) Metaspace: 34793K->34793K(1081344K)
[2019-11-29T23:34:24.903-0100][2.087s] GC(4) Pause Young (Normal) (G1 Evacuation Pause) 106M->26M(512M) 3.248ms
[2019-11-29T23:34:24.903-0100][2.087s] GC(4) User=0.03s Sys=0.00s Real=0.00s
[2019-11-29T23:34:24.914-0100][2.098s] GC(5) Pause Young (Concurrent Start) (Metadata GC Threshold)
[2019-11-29T23:34:24.914-0100][2.098s] GC(5) Using 10 workers of 10 for evacuation
[2019-11-29T23:34:24.917-0100][2.101s] GC(5)   Pre Evacuate Collection Set: 0.0ms
[2019-11-29T23:34:24.917-0100][2.101s] GC(5)   Evacuate Collection Set: 2.9ms
[2019-11-29T23:34:24.917-0100][2.101s] GC(5)   Post Evacuate Collection Set: 0.2ms
[2019-11-29T23:34:24.917-0100][2.101s] GC(5)   Other: 0.1ms
[2019-11-29T23:34:24.917-0100][2.101s] GC(5) Eden regions: 2->0(132)
[2019-11-29T23:34:24.917-0100][2.101s] GC(5) Survivor regions: 4->4(17)
[2019-11-29T23:34:24.917-0100][2.101s] GC(5) Old regions: 19->19
[2019-11-29T23:34:24.917-0100][2.101s] GC(5) Humongous regions: 4->4
[2019-11-29T23:34:24.917-0100][2.101s] GC(5) Metaspace: 34956K->34956K(1081344K)
[2019-11-29T23:34:24.917-0100][2.101s] GC(5) Pause Young (Concurrent Start) (Metadata GC Threshold) 28M->26M(512M) 3.292ms
[2019-11-29T23:34:24.917-0100][2.101s] GC(5) User=0.02s Sys=0.00s Real=0.00s
[2019-11-29T23:34:24.917-0100][2.102s] GC(6) Concurrent Cycle
[2019-11-29T23:34:24.917-0100][2.102s] GC(6) Concurrent Clear Claimed Marks
[2019-11-29T23:34:24.917-0100][2.102s] GC(6) Concurrent Clear Claimed Marks 0.020ms
[2019-11-29T23:34:24.917-0100][2.102s] GC(6) Concurrent Scan Root Regions
[2019-11-29T23:34:24.919-0100][2.103s] GC(6) Concurrent Scan Root Regions 1.174ms
[2019-11-29T23:34:24.919-0100][2.103s] GC(6) Concurrent Mark (2.103s)
[2019-11-29T23:34:24.919-0100][2.103s] GC(6) Concurrent Mark From Roots
[2019-11-29T23:34:24.919-0100][2.103s] GC(6) Using 3 workers of 3 for marking
[2019-11-29T23:34:24.927-0100][2.111s] GC(6) Concurrent Mark From Roots 8.279ms
[2019-11-29T23:34:24.927-0100][2.111s] GC(6) Concurrent Preclean
[2019-11-29T23:34:24.927-0100][2.111s] GC(6) Concurrent Preclean 0.074ms
[2019-11-29T23:34:24.927-0100][2.111s] GC(6) Concurrent Mark (2.103s, 2.111s) 8.408ms
[2019-11-29T23:34:24.927-0100][2.111s] GC(6) Pause Remark
[2019-11-29T23:34:24.929-0100][2.113s] GC(6) Cleaned string and symbol table, strings: 17506 processed, 24 removed, symbols: 112800 processed, 45 removed
[2019-11-29T23:34:24.929-0100][2.113s] GC(6) Pause Remark 27M->27M(512M) 1.595ms
[2019-11-29T23:34:24.929-0100][2.113s] GC(6) User=0.01s Sys=0.01s Real=0.00s
[2019-11-29T23:34:24.929-0100][2.113s] GC(6) Concurrent Rebuild Remembered Sets
[2019-11-29T23:34:24.934-0100][2.119s] GC(6) Concurrent Rebuild Remembered Sets 5.558ms
[2019-11-29T23:34:24.935-0100][2.119s] GC(6) Pause Cleanup
[2019-11-29T23:34:24.935-0100][2.119s] GC(6) Pause Cleanup 28M->28M(512M) 0.099ms
[2019-11-29T23:34:24.935-0100][2.119s] GC(6) User=0.00s Sys=0.00s Real=0.00s
[2019-11-29T23:34:24.935-0100][2.119s] GC(6) Concurrent Cleanup for Next Mark
[2019-11-29T23:34:24.935-0100][2.120s] GC(6) Concurrent Cleanup for Next Mark 0.703ms
[2019-11-29T23:34:24.935-0100][2.120s] GC(6) Concurrent Cycle 18.079ms
[2019-11-29T23:34:25.409-0100][2.593s] GC(7) Pause Young (Normal) (G1 Evacuation Pause)
[2019-11-29T23:34:25.409-0100][2.593s] GC(7) Using 10 workers of 10 for evacuation
[2019-11-29T23:34:25.412-0100][2.596s] GC(7)   Pre Evacuate Collection Set: 0.0ms
[2019-11-29T23:34:25.412-0100][2.596s] GC(7)   Evacuate Collection Set: 2.5ms
[2019-11-29T23:34:25.412-0100][2.596s] GC(7)   Post Evacuate Collection Set: 0.4ms
[2019-11-29T23:34:25.412-0100][2.596s] GC(7)   Other: 0.1ms
[2019-11-29T23:34:25.412-0100][2.596s] GC(7) Eden regions: 132->0(277)
[2019-11-29T23:34:25.412-0100][2.596s] GC(7) Survivor regions: 4->9(17)
[2019-11-29T23:34:25.412-0100][2.596s] GC(7) Old regions: 19->19
[2019-11-29T23:34:25.412-0100][2.596s] GC(7) Humongous regions: 5->5
[2019-11-29T23:34:25.412-0100][2.596s] GC(7) Metaspace: 40059K->40059K(1085440K)
[2019-11-29T23:34:25.412-0100][2.596s] GC(7) Pause Young (Normal) (G1 Evacuation Pause) 159M->32M(512M) 3.137ms
[2019-11-29T23:34:25.412-0100][2.596s] GC(7) User=0.03s Sys=0.00s Real=0.01s
[2019-11-29T23:39:22.427-0100][299.612s] Heap
[2019-11-29T23:39:22.427-0100][299.612s]  garbage-first heap   total 524288K, used 231033K [0x00000007e0000000, 0x0000000800000000)
[2019-11-29T23:39:22.427-0100][299.612s]   region size 1024K, 200 young (204800K), 9 survivors (9216K)
[2019-11-29T23:39:22.427-0100][299.612s]  Metaspace       used 51439K, capacity 52622K, committed 52864K, reserved 1095680K
[2019-11-29T23:39:22.427-0100][299.612s]   class space    used 5979K, capacity 6444K, committed 6528K, reserved 1048576K
