[2019-12-01T18:07:35.762-0100][0.010s] Heap region size: 1M
[2019-12-01T18:07:35.973-0100][0.221s] Using G1
[2019-12-01T18:07:35.973-0100][0.221s] Heap address: 0x00000007e0000000, size: 512 MB, Compressed Oops mode: Zero based, Oop shift amount: 3
[2019-12-01T18:07:36.522-0100][0.771s] GC(0) Pause Young (Normal) (G1 Evacuation Pause)
[2019-12-01T18:07:36.522-0100][0.771s] GC(0) Using 10 workers of 10 for evacuation
[2019-12-01T18:07:36.525-0100][0.774s] GC(0)   Pre Evacuate Collection Set: 0.0ms
[2019-12-01T18:07:36.525-0100][0.774s] GC(0)   Evacuate Collection Set: 2.2ms
[2019-12-01T18:07:36.525-0100][0.774s] GC(0)   Post Evacuate Collection Set: 0.3ms
[2019-12-01T18:07:36.525-0100][0.774s] GC(0)   Other: 0.4ms
[2019-12-01T18:07:36.525-0100][0.774s] GC(0) Eden regions: 30->0(303)
[2019-12-01T18:07:36.525-0100][0.774s] GC(0) Survivor regions: 0->4(4)
[2019-12-01T18:07:36.525-0100][0.774s] GC(0) Old regions: 0->0
[2019-12-01T18:07:36.525-0100][0.774s] GC(0) Humongous regions: 0->0
[2019-12-01T18:07:36.525-0100][0.774s] GC(0) Metaspace: 16224K->16224K(1064960K)
[2019-12-01T18:07:36.525-0100][0.774s] GC(0) Pause Young (Normal) (G1 Evacuation Pause) 30M->3M(512M) 3.048ms
[2019-12-01T18:07:36.525-0100][0.774s] GC(0) User=0.02s Sys=0.00s Real=0.00s
[2019-12-01T18:07:36.710-0100][0.958s] GC(1) Pause Young (Concurrent Start) (Metadata GC Threshold)
[2019-12-01T18:07:36.710-0100][0.958s] GC(1) Using 10 workers of 10 for evacuation
[2019-12-01T18:07:36.718-0100][0.967s] GC(1)   Pre Evacuate Collection Set: 0.0ms
[2019-12-01T18:07:36.718-0100][0.967s] GC(1)   Evacuate Collection Set: 7.8ms
[2019-12-01T18:07:36.718-0100][0.967s] GC(1)   Post Evacuate Collection Set: 0.3ms
[2019-12-01T18:07:36.718-0100][0.967s] GC(1)   Other: 0.2ms
[2019-12-01T18:07:36.718-0100][0.967s] GC(1) Eden regions: 22->0(76)
[2019-12-01T18:07:36.718-0100][0.967s] GC(1) Survivor regions: 4->12(39)
[2019-12-01T18:07:36.718-0100][0.967s] GC(1) Old regions: 0->0
[2019-12-01T18:07:36.718-0100][0.967s] GC(1) Humongous regions: 4->4
[2019-12-01T18:07:36.718-0100][0.967s] GC(1) Metaspace: 20457K->20457K(1069056K)
[2019-12-01T18:07:36.718-0100][0.967s] GC(1) Pause Young (Concurrent Start) (Metadata GC Threshold) 29M->15M(512M) 8.421ms
[2019-12-01T18:07:36.718-0100][0.967s] GC(1) User=0.06s Sys=0.00s Real=0.00s
[2019-12-01T18:07:36.718-0100][0.967s] GC(2) Concurrent Cycle
[2019-12-01T18:07:36.718-0100][0.967s] GC(2) Concurrent Clear Claimed Marks
[2019-12-01T18:07:36.718-0100][0.967s] GC(2) Concurrent Clear Claimed Marks 0.022ms
[2019-12-01T18:07:36.718-0100][0.967s] GC(2) Concurrent Scan Root Regions
[2019-12-01T18:07:36.720-0100][0.969s] GC(2) Concurrent Scan Root Regions 2.017ms
[2019-12-01T18:07:36.720-0100][0.969s] GC(2) Concurrent Mark (0.969s)
[2019-12-01T18:07:36.720-0100][0.969s] GC(2) Concurrent Mark From Roots
[2019-12-01T18:07:36.720-0100][0.969s] GC(2) Using 3 workers of 3 for marking
[2019-12-01T18:07:36.721-0100][0.970s] GC(2) Concurrent Mark From Roots 0.606ms
[2019-12-01T18:07:36.721-0100][0.970s] GC(2) Concurrent Preclean
[2019-12-01T18:07:36.721-0100][0.970s] GC(2) Concurrent Preclean 0.027ms
[2019-12-01T18:07:36.721-0100][0.970s] GC(2) Concurrent Mark (0.969s, 0.970s) 0.676ms
[2019-12-01T18:07:36.721-0100][0.970s] GC(2) Pause Remark
[2019-12-01T18:07:36.722-0100][0.971s] GC(2) Cleaned string and symbol table, strings: 9923 processed, 0 removed, symbols: 67121 processed, 14 removed
[2019-12-01T18:07:36.722-0100][0.971s] GC(2) Pause Remark 16M->16M(512M) 1.025ms
[2019-12-01T18:07:36.722-0100][0.971s] GC(2) User=0.00s Sys=0.00s Real=0.00s
[2019-12-01T18:07:36.722-0100][0.971s] GC(2) Concurrent Rebuild Remembered Sets
[2019-12-01T18:07:36.724-0100][0.973s] GC(2) Concurrent Rebuild Remembered Sets 2.158ms
[2019-12-01T18:07:36.724-0100][0.973s] GC(2) Pause Cleanup
[2019-12-01T18:07:36.724-0100][0.973s] GC(2) Pause Cleanup 16M->16M(512M) 0.098ms
[2019-12-01T18:07:36.724-0100][0.973s] GC(2) User=0.00s Sys=0.00s Real=0.00s
[2019-12-01T18:07:36.724-0100][0.973s] GC(2) Concurrent Cleanup for Next Mark
[2019-12-01T18:07:36.725-0100][0.974s] GC(2) Concurrent Cleanup for Next Mark 0.711ms
[2019-12-01T18:07:36.725-0100][0.974s] GC(2) Concurrent Cycle 7.076ms
[2019-12-01T18:07:37.036-0100][1.285s] GC(3) Pause Young (Normal) (G1 Evacuation Pause)
[2019-12-01T18:07:37.036-0100][1.285s] GC(3) Using 10 workers of 10 for evacuation
[2019-12-01T18:07:37.043-0100][1.292s] GC(3)   Pre Evacuate Collection Set: 0.0ms
[2019-12-01T18:07:37.043-0100][1.292s] GC(3)   Evacuate Collection Set: 5.8ms
[2019-12-01T18:07:37.043-0100][1.292s] GC(3)   Post Evacuate Collection Set: 0.4ms
[2019-12-01T18:07:37.043-0100][1.292s] GC(3)   Other: 0.1ms
[2019-12-01T18:07:37.043-0100][1.292s] GC(3) Eden regions: 37->0(85)
[2019-12-01T18:07:37.043-0100][1.292s] GC(3) Survivor regions: 12->7(7)
[2019-12-01T18:07:37.043-0100][1.292s] GC(3) Old regions: 0->12
[2019-12-01T18:07:37.043-0100][1.292s] GC(3) Humongous regions: 4->4
[2019-12-01T18:07:37.043-0100][1.292s] GC(3) Metaspace: 24854K->24854K(1073152K)
[2019-12-01T18:07:37.043-0100][1.292s] GC(3) Pause Young (Normal) (G1 Evacuation Pause) 52M->22M(512M) 6.465ms
[2019-12-01T18:07:37.043-0100][1.292s] GC(3) User=0.06s Sys=0.00s Real=0.01s
[2019-12-01T18:07:37.758-0100][2.007s] GC(4) Pause Young (Concurrent Start) (Metadata GC Threshold)
[2019-12-01T18:07:37.758-0100][2.007s] GC(4) Using 10 workers of 10 for evacuation
[2019-12-01T18:07:37.763-0100][2.011s] GC(4)   Pre Evacuate Collection Set: 0.0ms
[2019-12-01T18:07:37.763-0100][2.011s] GC(4)   Evacuate Collection Set: 3.7ms
[2019-12-01T18:07:37.763-0100][2.011s] GC(4)   Post Evacuate Collection Set: 0.4ms
[2019-12-01T18:07:37.763-0100][2.011s] GC(4)   Other: 0.1ms
[2019-12-01T18:07:37.763-0100][2.011s] GC(4) Eden regions: 85->0(122)
[2019-12-01T18:07:37.763-0100][2.011s] GC(4) Survivor regions: 7->4(12)
[2019-12-01T18:07:37.763-0100][2.011s] GC(4) Old regions: 12->19
[2019-12-01T18:07:37.763-0100][2.011s] GC(4) Humongous regions: 4->4
[2019-12-01T18:07:37.763-0100][2.011s] GC(4) Metaspace: 34891K->34891K(1081344K)
[2019-12-01T18:07:37.763-0100][2.012s] GC(4) Pause Young (Concurrent Start) (Metadata GC Threshold) 106M->26M(512M) 4.317ms
[2019-12-01T18:07:37.763-0100][2.012s] GC(4) User=0.02s Sys=0.00s Real=0.01s
[2019-12-01T18:07:37.763-0100][2.012s] GC(5) Concurrent Cycle
[2019-12-01T18:07:37.763-0100][2.012s] GC(5) Concurrent Clear Claimed Marks
[2019-12-01T18:07:37.763-0100][2.012s] GC(5) Concurrent Clear Claimed Marks 0.020ms
[2019-12-01T18:07:37.763-0100][2.012s] GC(5) Concurrent Scan Root Regions
[2019-12-01T18:07:37.764-0100][2.013s] GC(5) Concurrent Scan Root Regions 1.249ms
[2019-12-01T18:07:37.764-0100][2.013s] GC(5) Concurrent Mark (2.013s)
[2019-12-01T18:07:37.764-0100][2.013s] GC(5) Concurrent Mark From Roots
[2019-12-01T18:07:37.764-0100][2.013s] GC(5) Using 3 workers of 3 for marking
[2019-12-01T18:07:37.780-0100][2.029s] GC(5) Concurrent Mark From Roots 16.065ms
[2019-12-01T18:07:37.780-0100][2.029s] GC(5) Concurrent Preclean
[2019-12-01T18:07:37.780-0100][2.029s] GC(5) Concurrent Preclean 0.078ms
[2019-12-01T18:07:37.780-0100][2.029s] GC(5) Concurrent Mark (2.013s, 2.029s) 16.200ms
[2019-12-01T18:07:37.780-0100][2.029s] GC(5) Pause Remark
[2019-12-01T18:07:37.782-0100][2.031s] GC(5) Cleaned string and symbol table, strings: 17425 processed, 19 removed, symbols: 113246 processed, 45 removed
[2019-12-01T18:07:37.782-0100][2.031s] GC(5) Pause Remark 29M->29M(512M) 2.018ms
[2019-12-01T18:07:37.783-0100][2.031s] GC(5) User=0.02s Sys=0.00s Real=0.00s
[2019-12-01T18:07:37.783-0100][2.031s] GC(5) Concurrent Rebuild Remembered Sets
[2019-12-01T18:07:37.789-0100][2.038s] GC(5) Concurrent Rebuild Remembered Sets 6.520ms
[2019-12-01T18:07:37.789-0100][2.038s] GC(5) Pause Cleanup
[2019-12-01T18:07:37.789-0100][2.038s] GC(5) Pause Cleanup 29M->29M(512M) 0.074ms
[2019-12-01T18:07:37.789-0100][2.038s] GC(5) User=0.00s Sys=0.00s Real=0.00s
[2019-12-01T18:07:37.789-0100][2.038s] GC(5) Concurrent Cleanup for Next Mark
[2019-12-01T18:07:37.790-0100][2.039s] GC(5) Concurrent Cleanup for Next Mark 0.698ms
[2019-12-01T18:07:37.790-0100][2.039s] GC(5) Concurrent Cycle 27.241ms
[2019-12-01T18:07:38.379-0100][2.628s] GC(6) Pause Young (Normal) (G1 Evacuation Pause)
[2019-12-01T18:07:38.380-0100][2.628s] GC(6) Using 10 workers of 10 for evacuation
[2019-12-01T18:07:38.386-0100][2.635s] GC(6)   Pre Evacuate Collection Set: 0.0ms
[2019-12-01T18:07:38.386-0100][2.635s] GC(6)   Evacuate Collection Set: 4.8ms
[2019-12-01T18:07:38.386-0100][2.635s] GC(6)   Post Evacuate Collection Set: 1.6ms
[2019-12-01T18:07:38.386-0100][2.635s] GC(6)   Other: 0.3ms
[2019-12-01T18:07:38.386-0100][2.635s] GC(6) Eden regions: 122->0(184)
[2019-12-01T18:07:38.386-0100][2.635s] GC(6) Survivor regions: 4->9(16)
[2019-12-01T18:07:38.386-0100][2.635s] GC(6) Old regions: 19->19
[2019-12-01T18:07:38.386-0100][2.635s] GC(6) Humongous regions: 5->5
[2019-12-01T18:07:38.386-0100][2.635s] GC(6) Metaspace: 40039K->40039K(1085440K)
[2019-12-01T18:07:38.386-0100][2.635s] GC(6) Pause Young (Normal) (G1 Evacuation Pause) 149M->32M(512M) 6.879ms
[2019-12-01T18:07:38.386-0100][2.635s] GC(6) User=0.05s Sys=0.00s Real=0.01s
[2019-12-01T22:23:37.351-0100][1382.385s] GC(7) Pause Young (Normal) (G1 Evacuation Pause)
[2019-12-01T22:23:37.352-0100][1382.386s] GC(7) Using 10 workers of 10 for evacuation
[2019-12-01T22:23:37.406-0100][1382.440s] GC(7)   Pre Evacuate Collection Set: 2.3ms
[2019-12-01T22:23:37.406-0100][1382.440s] GC(7)   Evacuate Collection Set: 48.8ms
[2019-12-01T22:23:37.406-0100][1382.440s] GC(7)   Post Evacuate Collection Set: 0.7ms
[2019-12-01T22:23:37.406-0100][1382.440s] GC(7)   Other: 3.3ms
[2019-12-01T22:23:37.406-0100][1382.440s] GC(7) Eden regions: 184->0(239)
[2019-12-01T22:23:37.406-0100][1382.440s] GC(7) Survivor regions: 9->15(25)
[2019-12-01T22:23:37.406-0100][1382.440s] GC(7) Old regions: 19->19
[2019-12-01T22:23:37.406-0100][1382.440s] GC(7) Humongous regions: 8->8
[2019-12-01T22:23:37.406-0100][1382.440s] GC(7) Metaspace: 50508K->50508K(1095680K)
[2019-12-01T22:23:37.406-0100][1382.440s] GC(7) Pause Young (Normal) (G1 Evacuation Pause) 219M->41M(512M) 55.152ms
[2019-12-01T22:23:37.406-0100][1382.440s] GC(7) User=0.06s Sys=0.20s Real=0.05s
[2019-12-02T00:28:00.425-0100][7099.921s] Heap
[2019-12-02T00:28:00.426-0100][7099.921s]  garbage-first heap   total 524288K, used 85407K [0x00000007e0000000, 0x0000000800000000)
[2019-12-02T00:28:00.426-0100][7099.921s]   region size 1024K, 58 young (59392K), 15 survivors (15360K)
[2019-12-02T00:28:00.426-0100][7099.921s]  Metaspace       used 50940K, capacity 52064K, committed 52224K, reserved 1095680K
[2019-12-02T00:28:00.426-0100][7099.921s]   class space    used 5893K, capacity 6358K, committed 6400K, reserved 1048576K
