[2019-11-29T23:34:09.073-0100][0.039s] Heap region size: 1M
[2019-11-29T23:34:09.516-0100][0.482s] Using G1
[2019-11-29T23:34:09.516-0100][0.482s] Heap address: 0x00000007e0000000, size: 512 MB, Compressed Oops mode: Zero based, Oop shift amount: 3
[2019-11-29T23:34:10.046-0100][1.012s] GC(0) Pause Young (Normal) (G1 Evacuation Pause)
[2019-11-29T23:34:10.047-0100][1.012s] GC(0) Using 10 workers of 10 for evacuation
[2019-11-29T23:34:10.050-0100][1.015s] GC(0)   Pre Evacuate Collection Set: 0.0ms
[2019-11-29T23:34:10.050-0100][1.015s] GC(0)   Evacuate Collection Set: 2.3ms
[2019-11-29T23:34:10.050-0100][1.015s] GC(0)   Post Evacuate Collection Set: 0.4ms
[2019-11-29T23:34:10.050-0100][1.015s] GC(0)   Other: 0.7ms
[2019-11-29T23:34:10.050-0100][1.015s] GC(0) Eden regions: 30->0(303)
[2019-11-29T23:34:10.050-0100][1.015s] GC(0) Survivor regions: 0->4(4)
[2019-11-29T23:34:10.050-0100][1.015s] GC(0) Old regions: 0->0
[2019-11-29T23:34:10.050-0100][1.015s] GC(0) Humongous regions: 0->0
[2019-11-29T23:34:10.050-0100][1.015s] GC(0) Metaspace: 16226K->16226K(1064960K)
[2019-11-29T23:34:10.050-0100][1.015s] GC(0) Pause Young (Normal) (G1 Evacuation Pause) 30M->3M(512M) 3.589ms
[2019-11-29T23:34:10.050-0100][1.015s] GC(0) User=0.02s Sys=0.00s Real=0.01s
[2019-11-29T23:34:10.237-0100][1.203s] GC(1) Pause Young (Concurrent Start) (Metadata GC Threshold)
[2019-11-29T23:34:10.237-0100][1.203s] GC(1) Using 10 workers of 10 for evacuation
[2019-11-29T23:34:10.247-0100][1.213s] GC(1)   Pre Evacuate Collection Set: 0.0ms
[2019-11-29T23:34:10.247-0100][1.213s] GC(1)   Evacuate Collection Set: 9.3ms
[2019-11-29T23:34:10.247-0100][1.213s] GC(1)   Post Evacuate Collection Set: 0.4ms
[2019-11-29T23:34:10.247-0100][1.213s] GC(1)   Other: 0.2ms
[2019-11-29T23:34:10.247-0100][1.213s] GC(1) Eden regions: 22->0(76)
[2019-11-29T23:34:10.247-0100][1.213s] GC(1) Survivor regions: 4->12(39)
[2019-11-29T23:34:10.247-0100][1.213s] GC(1) Old regions: 0->0
[2019-11-29T23:34:10.247-0100][1.213s] GC(1) Humongous regions: 4->4
[2019-11-29T23:34:10.247-0100][1.213s] GC(1) Metaspace: 20446K->20446K(1069056K)
[2019-11-29T23:34:10.247-0100][1.213s] GC(1) Pause Young (Concurrent Start) (Metadata GC Threshold) 29M->15M(512M) 10.067ms
[2019-11-29T23:34:10.247-0100][1.213s] GC(1) User=0.05s Sys=0.00s Real=0.01s
[2019-11-29T23:34:10.247-0100][1.213s] GC(2) Concurrent Cycle
[2019-11-29T23:34:10.247-0100][1.213s] GC(2) Concurrent Clear Claimed Marks
[2019-11-29T23:34:10.247-0100][1.213s] GC(2) Concurrent Clear Claimed Marks 0.020ms
[2019-11-29T23:34:10.247-0100][1.213s] GC(2) Concurrent Scan Root Regions
[2019-11-29T23:34:10.250-0100][1.215s] GC(2) Concurrent Scan Root Regions 2.427ms
[2019-11-29T23:34:10.250-0100][1.216s] GC(2) Concurrent Mark (1.216s)
[2019-11-29T23:34:10.250-0100][1.216s] GC(2) Concurrent Mark From Roots
[2019-11-29T23:34:10.250-0100][1.216s] GC(2) Using 3 workers of 3 for marking
[2019-11-29T23:34:10.251-0100][1.216s] GC(2) Concurrent Mark From Roots 0.796ms
[2019-11-29T23:34:10.251-0100][1.216s] GC(2) Concurrent Preclean
[2019-11-29T23:34:10.251-0100][1.216s] GC(2) Concurrent Preclean 0.030ms
[2019-11-29T23:34:10.251-0100][1.216s] GC(2) Concurrent Mark (1.216s, 1.216s) 0.867ms
[2019-11-29T23:34:10.251-0100][1.216s] GC(2) Pause Remark
[2019-11-29T23:34:10.252-0100][1.217s] GC(2) Cleaned string and symbol table, strings: 9914 processed, 0 removed, symbols: 67121 processed, 14 removed
[2019-11-29T23:34:10.252-0100][1.217s] GC(2) Pause Remark 16M->16M(512M) 1.038ms
[2019-11-29T23:34:10.252-0100][1.218s] GC(2) User=0.00s Sys=0.00s Real=0.00s
[2019-11-29T23:34:10.252-0100][1.218s] GC(2) Concurrent Rebuild Remembered Sets
[2019-11-29T23:34:10.255-0100][1.220s] GC(2) Concurrent Rebuild Remembered Sets 2.782ms
[2019-11-29T23:34:10.255-0100][1.221s] GC(2) Pause Cleanup
[2019-11-29T23:34:10.255-0100][1.221s] GC(2) Pause Cleanup 16M->16M(512M) 0.114ms
[2019-11-29T23:34:10.255-0100][1.221s] GC(2) User=0.00s Sys=0.00s Real=0.00s
[2019-11-29T23:34:10.255-0100][1.221s] GC(2) Concurrent Cleanup for Next Mark
[2019-11-29T23:34:10.256-0100][1.221s] GC(2) Concurrent Cleanup for Next Mark 0.703ms
[2019-11-29T23:34:10.256-0100][1.221s] GC(2) Concurrent Cycle 8.509ms
[2019-11-29T23:34:10.580-0100][1.545s] GC(3) Pause Young (Normal) (G1 Evacuation Pause)
[2019-11-29T23:34:10.580-0100][1.545s] GC(3) Using 10 workers of 10 for evacuation
[2019-11-29T23:34:10.586-0100][1.552s] GC(3)   Pre Evacuate Collection Set: 0.0ms
[2019-11-29T23:34:10.586-0100][1.552s] GC(3)   Evacuate Collection Set: 5.7ms
[2019-11-29T23:34:10.586-0100][1.552s] GC(3)   Post Evacuate Collection Set: 0.5ms
[2019-11-29T23:34:10.586-0100][1.552s] GC(3)   Other: 0.1ms
[2019-11-29T23:34:10.586-0100][1.552s] GC(3) Eden regions: 42->0(89)
[2019-11-29T23:34:10.586-0100][1.552s] GC(3) Survivor regions: 12->7(7)
[2019-11-29T23:34:10.586-0100][1.552s] GC(3) Old regions: 0->13
[2019-11-29T23:34:10.586-0100][1.552s] GC(3) Humongous regions: 4->4
[2019-11-29T23:34:10.586-0100][1.552s] GC(3) Metaspace: 25456K->25456K(1073152K)
[2019-11-29T23:34:10.586-0100][1.552s] GC(3) Pause Young (Normal) (G1 Evacuation Pause) 57M->23M(512M) 6.457ms
[2019-11-29T23:34:10.586-0100][1.552s] GC(3) User=0.06s Sys=0.00s Real=0.00s
[2019-11-29T23:34:11.897-0100][2.863s] GC(4) Pause Young (Concurrent Start) (Metadata GC Threshold)
[2019-11-29T23:34:11.898-0100][2.863s] GC(4) Using 10 workers of 10 for evacuation
[2019-11-29T23:34:11.903-0100][2.869s] GC(4)   Pre Evacuate Collection Set: 0.1ms
[2019-11-29T23:34:11.903-0100][2.869s] GC(4)   Evacuate Collection Set: 4.9ms
[2019-11-29T23:34:11.903-0100][2.869s] GC(4)   Post Evacuate Collection Set: 0.3ms
[2019-11-29T23:34:11.903-0100][2.869s] GC(4)   Other: 0.2ms
[2019-11-29T23:34:11.903-0100][2.869s] GC(4) Eden regions: 89->0(126)
[2019-11-29T23:34:11.903-0100][2.869s] GC(4) Survivor regions: 7->4(12)
[2019-11-29T23:34:11.903-0100][2.869s] GC(4) Old regions: 13->19
[2019-11-29T23:34:11.903-0100][2.869s] GC(4) Humongous regions: 4->4
[2019-11-29T23:34:11.903-0100][2.869s] GC(4) Metaspace: 34933K->34933K(1081344K)
[2019-11-29T23:34:11.903-0100][2.869s] GC(4) Pause Young (Concurrent Start) (Metadata GC Threshold) 111M->26M(512M) 5.595ms
[2019-11-29T23:34:11.903-0100][2.869s] GC(4) User=0.03s Sys=0.00s Real=0.01s
[2019-11-29T23:34:11.903-0100][2.869s] GC(5) Concurrent Cycle
[2019-11-29T23:34:11.903-0100][2.869s] GC(5) Concurrent Clear Claimed Marks
[2019-11-29T23:34:11.903-0100][2.869s] GC(5) Concurrent Clear Claimed Marks 0.029ms
[2019-11-29T23:34:11.903-0100][2.869s] GC(5) Concurrent Scan Root Regions
[2019-11-29T23:34:11.905-0100][2.870s] GC(5) Concurrent Scan Root Regions 1.428ms
[2019-11-29T23:34:11.905-0100][2.870s] GC(5) Concurrent Mark (2.870s)
[2019-11-29T23:34:11.905-0100][2.870s] GC(5) Concurrent Mark From Roots
[2019-11-29T23:34:11.905-0100][2.870s] GC(5) Using 3 workers of 3 for marking
[2019-11-29T23:34:11.922-0100][2.887s] GC(5) Concurrent Mark From Roots 17.136ms
[2019-11-29T23:34:11.922-0100][2.887s] GC(5) Concurrent Preclean
[2019-11-29T23:34:11.922-0100][2.888s] GC(5) Concurrent Preclean 0.088ms
[2019-11-29T23:34:11.922-0100][2.888s] GC(5) Concurrent Mark (2.870s, 2.888s) 17.291ms
[2019-11-29T23:34:11.922-0100][2.888s] GC(5) Pause Remark
[2019-11-29T23:34:11.925-0100][2.890s] GC(5) Cleaned string and symbol table, strings: 17469 processed, 19 removed, symbols: 113231 processed, 45 removed
[2019-11-29T23:34:11.925-0100][2.890s] GC(5) Pause Remark 28M->28M(512M) 2.649ms
[2019-11-29T23:34:11.925-0100][2.890s] GC(5) User=0.03s Sys=0.01s Real=0.00s
[2019-11-29T23:34:11.925-0100][2.890s] GC(5) Concurrent Rebuild Remembered Sets
[2019-11-29T23:34:11.932-0100][2.898s] GC(5) Concurrent Rebuild Remembered Sets 7.521ms
[2019-11-29T23:34:11.932-0100][2.898s] GC(5) Pause Cleanup
[2019-11-29T23:34:11.933-0100][2.898s] GC(5) Pause Cleanup 29M->29M(512M) 0.108ms
[2019-11-29T23:34:11.933-0100][2.898s] GC(5) User=0.00s Sys=0.00s Real=0.00s
[2019-11-29T23:34:11.933-0100][2.898s] GC(5) Concurrent Cleanup for Next Mark
[2019-11-29T23:34:11.933-0100][2.899s] GC(5) Concurrent Cleanup for Next Mark 0.766ms
[2019-11-29T23:34:11.933-0100][2.899s] GC(5) Concurrent Cycle 30.271ms
[2019-11-29T23:34:12.477-0100][3.442s] GC(6) Pause Young (Normal) (G1 Evacuation Pause)
[2019-11-29T23:34:12.477-0100][3.442s] GC(6) Using 10 workers of 10 for evacuation
[2019-11-29T23:34:12.481-0100][3.446s] GC(6)   Pre Evacuate Collection Set: 0.0ms
[2019-11-29T23:34:12.481-0100][3.446s] GC(6)   Evacuate Collection Set: 3.4ms
[2019-11-29T23:34:12.481-0100][3.446s] GC(6)   Post Evacuate Collection Set: 0.5ms
[2019-11-29T23:34:12.481-0100][3.446s] GC(6)   Other: 0.2ms
[2019-11-29T23:34:12.481-0100][3.446s] GC(6) Eden regions: 126->0(200)
[2019-11-29T23:34:12.481-0100][3.446s] GC(6) Survivor regions: 4->9(17)
[2019-11-29T23:34:12.481-0100][3.446s] GC(6) Old regions: 19->19
[2019-11-29T23:34:12.481-0100][3.446s] GC(6) Humongous regions: 5->5
[2019-11-29T23:34:12.481-0100][3.446s] GC(6) Metaspace: 40035K->40035K(1085440K)
[2019-11-29T23:34:12.481-0100][3.446s] GC(6) Pause Young (Normal) (G1 Evacuation Pause) 153M->32M(512M) 4.097ms
[2019-11-29T23:34:12.481-0100][3.446s] GC(6) User=0.04s Sys=0.00s Real=0.01s
[2019-11-29T23:34:18.191-0100][9.157s] Heap
[2019-11-29T23:34:18.191-0100][9.157s]  garbage-first heap   total 524288K, used 208298K [0x00000007e0000000, 0x0000000800000000)
[2019-11-29T23:34:18.191-0100][9.157s]   region size 1024K, 181 young (185344K), 9 survivors (9216K)
[2019-11-29T23:34:18.191-0100][9.157s]  Metaspace       used 48344K, capacity 49530K, committed 49920K, reserved 1093632K
[2019-11-29T23:34:18.191-0100][9.157s]   class space    used 5566K, capacity 6029K, committed 6144K, reserved 1048576K
