[2019-11-30T01:15:37.941-0100][0.009s] Heap region size: 1M
[2019-11-30T01:15:38.120-0100][0.188s] Using G1
[2019-11-30T01:15:38.120-0100][0.189s] Heap address: 0x00000007e0000000, size: 512 MB, Compressed Oops mode: Zero based, Oop shift amount: 3
[2019-11-30T01:15:38.568-0100][0.636s] GC(0) Pause Young (Normal) (G1 Evacuation Pause)
[2019-11-30T01:15:38.569-0100][0.637s] GC(0) Using 10 workers of 10 for evacuation
[2019-11-30T01:15:38.571-0100][0.639s] GC(0)   Pre Evacuate Collection Set: 0.0ms
[2019-11-30T01:15:38.571-0100][0.639s] GC(0)   Evacuate Collection Set: 2.0ms
[2019-11-30T01:15:38.571-0100][0.639s] GC(0)   Post Evacuate Collection Set: 0.4ms
[2019-11-30T01:15:38.571-0100][0.639s] GC(0)   Other: 0.6ms
[2019-11-30T01:15:38.571-0100][0.639s] GC(0) Eden regions: 30->0(303)
[2019-11-30T01:15:38.571-0100][0.639s] GC(0) Survivor regions: 0->4(4)
[2019-11-30T01:15:38.571-0100][0.639s] GC(0) Old regions: 0->0
[2019-11-30T01:15:38.571-0100][0.639s] GC(0) Humongous regions: 0->0
[2019-11-30T01:15:38.571-0100][0.639s] GC(0) Metaspace: 16213K->16213K(1064960K)
[2019-11-30T01:15:38.571-0100][0.639s] GC(0) Pause Young (Normal) (G1 Evacuation Pause) 30M->3M(512M) 3.117ms
[2019-11-30T01:15:38.571-0100][0.639s] GC(0) User=0.02s Sys=0.00s Real=0.01s
[2019-11-30T01:15:38.759-0100][0.827s] GC(1) Pause Young (Concurrent Start) (Metadata GC Threshold)
[2019-11-30T01:15:38.759-0100][0.827s] GC(1) Using 10 workers of 10 for evacuation
[2019-11-30T01:15:38.768-0100][0.836s] GC(1)   Pre Evacuate Collection Set: 0.0ms
[2019-11-30T01:15:38.768-0100][0.836s] GC(1)   Evacuate Collection Set: 8.5ms
[2019-11-30T01:15:38.768-0100][0.836s] GC(1)   Post Evacuate Collection Set: 0.4ms
[2019-11-30T01:15:38.768-0100][0.836s] GC(1)   Other: 0.2ms
[2019-11-30T01:15:38.768-0100][0.836s] GC(1) Eden regions: 22->0(77)
[2019-11-30T01:15:38.768-0100][0.836s] GC(1) Survivor regions: 4->12(39)
[2019-11-30T01:15:38.768-0100][0.836s] GC(1) Old regions: 0->0
[2019-11-30T01:15:38.768-0100][0.836s] GC(1) Humongous regions: 4->4
[2019-11-30T01:15:38.768-0100][0.836s] GC(1) Metaspace: 20465K->20465K(1069056K)
[2019-11-30T01:15:38.768-0100][0.836s] GC(1) Pause Young (Concurrent Start) (Metadata GC Threshold) 29M->15M(512M) 9.319ms
[2019-11-30T01:15:38.768-0100][0.836s] GC(1) User=0.04s Sys=0.00s Real=0.01s
[2019-11-30T01:15:38.768-0100][0.836s] GC(2) Concurrent Cycle
[2019-11-30T01:15:38.768-0100][0.836s] GC(2) Concurrent Clear Claimed Marks
[2019-11-30T01:15:38.768-0100][0.836s] GC(2) Concurrent Clear Claimed Marks 0.019ms
[2019-11-30T01:15:38.768-0100][0.836s] GC(2) Concurrent Scan Root Regions
[2019-11-30T01:15:38.770-0100][0.838s] GC(2) Concurrent Scan Root Regions 2.296ms
[2019-11-30T01:15:38.770-0100][0.839s] GC(2) Concurrent Mark (0.839s)
[2019-11-30T01:15:38.770-0100][0.839s] GC(2) Concurrent Mark From Roots
[2019-11-30T01:15:38.770-0100][0.839s] GC(2) Using 3 workers of 3 for marking
[2019-11-30T01:15:38.771-0100][0.839s] GC(2) Concurrent Mark From Roots 0.723ms
[2019-11-30T01:15:38.771-0100][0.839s] GC(2) Concurrent Preclean
[2019-11-30T01:15:38.771-0100][0.839s] GC(2) Concurrent Preclean 0.033ms
[2019-11-30T01:15:38.771-0100][0.839s] GC(2) Concurrent Mark (0.839s, 0.839s) 0.808ms
[2019-11-30T01:15:38.771-0100][0.839s] GC(2) Pause Remark
[2019-11-30T01:15:38.772-0100][0.840s] GC(2) Cleaned string and symbol table, strings: 9928 processed, 0 removed, symbols: 67237 processed, 14 removed
[2019-11-30T01:15:38.772-0100][0.840s] GC(2) Pause Remark 16M->16M(512M) 0.972ms
[2019-11-30T01:15:38.772-0100][0.840s] GC(2) User=0.01s Sys=0.00s Real=0.00s
[2019-11-30T01:15:38.772-0100][0.840s] GC(2) Concurrent Rebuild Remembered Sets
[2019-11-30T01:15:38.775-0100][0.843s] GC(2) Concurrent Rebuild Remembered Sets 2.539ms
[2019-11-30T01:15:38.775-0100][0.843s] GC(2) Pause Cleanup
[2019-11-30T01:15:38.775-0100][0.843s] GC(2) Pause Cleanup 16M->16M(512M) 0.122ms
[2019-11-30T01:15:38.775-0100][0.843s] GC(2) User=0.01s Sys=0.00s Real=0.00s
[2019-11-30T01:15:38.775-0100][0.843s] GC(2) Concurrent Cleanup for Next Mark
[2019-11-30T01:15:38.776-0100][0.844s] GC(2) Concurrent Cleanup for Next Mark 1.044ms
[2019-11-30T01:15:38.776-0100][0.844s] GC(2) Concurrent Cycle 8.283ms
[2019-11-30T01:15:39.093-0100][1.161s] GC(3) Pause Young (Normal) (G1 Evacuation Pause)
[2019-11-30T01:15:39.093-0100][1.161s] GC(3) Using 10 workers of 10 for evacuation
[2019-11-30T01:15:39.099-0100][1.167s] GC(3)   Pre Evacuate Collection Set: 0.0ms
[2019-11-30T01:15:39.099-0100][1.167s] GC(3)   Evacuate Collection Set: 5.5ms
[2019-11-30T01:15:39.099-0100][1.167s] GC(3)   Post Evacuate Collection Set: 0.4ms
[2019-11-30T01:15:39.099-0100][1.167s] GC(3)   Other: 0.1ms
[2019-11-30T01:15:39.099-0100][1.167s] GC(3) Eden regions: 38->0(90)
[2019-11-30T01:15:39.099-0100][1.167s] GC(3) Survivor regions: 12->7(7)
[2019-11-30T01:15:39.099-0100][1.167s] GC(3) Old regions: 0->13
[2019-11-30T01:15:39.099-0100][1.167s] GC(3) Humongous regions: 4->4
[2019-11-30T01:15:39.099-0100][1.167s] GC(3) Metaspace: 24991K->24991K(1073152K)
[2019-11-30T01:15:39.099-0100][1.167s] GC(3) Pause Young (Normal) (G1 Evacuation Pause) 53M->23M(512M) 6.154ms
[2019-11-30T01:15:39.099-0100][1.167s] GC(3) User=0.05s Sys=0.00s Real=0.00s
[2019-11-30T01:15:39.766-0100][1.834s] GC(4) Pause Young (Concurrent Start) (Metadata GC Threshold)
[2019-11-30T01:15:39.766-0100][1.834s] GC(4) Using 10 workers of 10 for evacuation
[2019-11-30T01:15:39.770-0100][1.838s] GC(4)   Pre Evacuate Collection Set: 0.0ms
[2019-11-30T01:15:39.770-0100][1.838s] GC(4)   Evacuate Collection Set: 3.7ms
[2019-11-30T01:15:39.770-0100][1.838s] GC(4)   Post Evacuate Collection Set: 0.4ms
[2019-11-30T01:15:39.770-0100][1.838s] GC(4)   Other: 0.2ms
[2019-11-30T01:15:39.770-0100][1.838s] GC(4) Eden regions: 87->0(118)
[2019-11-30T01:15:39.770-0100][1.838s] GC(4) Survivor regions: 7->10(13)
[2019-11-30T01:15:39.770-0100][1.838s] GC(4) Old regions: 13->13
[2019-11-30T01:15:39.770-0100][1.838s] GC(4) Humongous regions: 4->4
[2019-11-30T01:15:39.770-0100][1.838s] GC(4) Metaspace: 34982K->34982K(1081344K)
[2019-11-30T01:15:39.770-0100][1.838s] GC(4) Pause Young (Concurrent Start) (Metadata GC Threshold) 109M->25M(512M) 4.341ms
[2019-11-30T01:15:39.770-0100][1.838s] GC(4) User=0.02s Sys=0.00s Real=0.01s
[2019-11-30T01:15:39.770-0100][1.838s] GC(5) Concurrent Cycle
[2019-11-30T01:15:39.770-0100][1.838s] GC(5) Concurrent Clear Claimed Marks
[2019-11-30T01:15:39.770-0100][1.838s] GC(5) Concurrent Clear Claimed Marks 0.020ms
[2019-11-30T01:15:39.770-0100][1.838s] GC(5) Concurrent Scan Root Regions
[2019-11-30T01:15:39.772-0100][1.840s] GC(5) Concurrent Scan Root Regions 1.322ms
[2019-11-30T01:15:39.772-0100][1.840s] GC(5) Concurrent Mark (1.840s)
[2019-11-30T01:15:39.772-0100][1.840s] GC(5) Concurrent Mark From Roots
[2019-11-30T01:15:39.772-0100][1.840s] GC(5) Using 3 workers of 3 for marking
[2019-11-30T01:15:39.786-0100][1.854s] GC(5) Concurrent Mark From Roots 13.863ms
[2019-11-30T01:15:39.786-0100][1.854s] GC(5) Concurrent Preclean
[2019-11-30T01:15:39.786-0100][1.854s] GC(5) Concurrent Preclean 0.058ms
[2019-11-30T01:15:39.786-0100][1.854s] GC(5) Concurrent Mark (1.840s, 1.854s) 14.001ms
[2019-11-30T01:15:39.786-0100][1.854s] GC(5) Pause Remark
[2019-11-30T01:15:39.788-0100][1.856s] GC(5) Cleaned string and symbol table, strings: 17504 processed, 19 removed, symbols: 113378 processed, 45 removed
[2019-11-30T01:15:39.788-0100][1.856s] GC(5) Pause Remark 27M->27M(512M) 1.995ms
[2019-11-30T01:15:39.788-0100][1.856s] GC(5) User=0.02s Sys=0.00s Real=0.00s
[2019-11-30T01:15:39.788-0100][1.856s] GC(5) Concurrent Rebuild Remembered Sets
[2019-11-30T01:15:39.794-0100][1.862s] GC(5) Concurrent Rebuild Remembered Sets 5.660ms
[2019-11-30T01:15:39.794-0100][1.862s] GC(5) Pause Cleanup
[2019-11-30T01:15:39.794-0100][1.862s] GC(5) Pause Cleanup 28M->28M(512M) 0.114ms
[2019-11-30T01:15:39.794-0100][1.862s] GC(5) User=0.01s Sys=0.00s Real=0.00s
[2019-11-30T01:15:39.794-0100][1.862s] GC(5) Concurrent Cleanup for Next Mark
[2019-11-30T01:15:39.795-0100][1.863s] GC(5) Concurrent Cleanup for Next Mark 0.745ms
[2019-11-30T01:15:39.795-0100][1.863s] GC(5) Concurrent Cycle 24.314ms
[2019-11-30T01:15:40.363-0100][2.431s] GC(6) Pause Young (Normal) (G1 Evacuation Pause)
[2019-11-30T01:15:40.363-0100][2.432s] GC(6) Using 10 workers of 10 for evacuation
[2019-11-30T01:15:40.368-0100][2.436s] GC(6)   Pre Evacuate Collection Set: 0.0ms
[2019-11-30T01:15:40.368-0100][2.436s] GC(6)   Evacuate Collection Set: 4.2ms
[2019-11-30T01:15:40.368-0100][2.436s] GC(6)   Post Evacuate Collection Set: 0.6ms
[2019-11-30T01:15:40.368-0100][2.436s] GC(6)   Other: 0.2ms
[2019-11-30T01:15:40.368-0100][2.437s] GC(6) Eden regions: 122->0(193)
[2019-11-30T01:15:40.368-0100][2.437s] GC(6) Survivor regions: 10->9(17)
[2019-11-30T01:15:40.368-0100][2.437s] GC(6) Old regions: 13->19
[2019-11-30T01:15:40.368-0100][2.437s] GC(6) Humongous regions: 5->5
[2019-11-30T01:15:40.368-0100][2.437s] GC(6) Metaspace: 40064K->40064K(1085440K)
[2019-11-30T01:15:40.368-0100][2.437s] GC(6) Pause Young (Normal) (G1 Evacuation Pause) 148M->32M(512M) 5.060ms
[2019-11-30T01:15:40.368-0100][2.437s] GC(6) User=0.05s Sys=0.00s Real=0.00s
[2019-11-30T01:18:10.503-0100][152.570s] GC(7) Pause Young (Normal) (G1 Evacuation Pause)
[2019-11-30T01:18:10.503-0100][152.570s] GC(7) Using 10 workers of 10 for evacuation
[2019-11-30T01:18:10.509-0100][152.576s] GC(7)   Pre Evacuate Collection Set: 0.0ms
[2019-11-30T01:18:10.509-0100][152.576s] GC(7)   Evacuate Collection Set: 5.5ms
[2019-11-30T01:18:10.509-0100][152.576s] GC(7)   Post Evacuate Collection Set: 0.4ms
[2019-11-30T01:18:10.509-0100][152.576s] GC(7)   Other: 0.2ms
[2019-11-30T01:18:10.509-0100][152.576s] GC(7) Eden regions: 193->0(251)
[2019-11-30T01:18:10.509-0100][152.576s] GC(7) Survivor regions: 9->17(26)
[2019-11-30T01:18:10.509-0100][152.576s] GC(7) Old regions: 19->19
[2019-11-30T01:18:10.509-0100][152.576s] GC(7) Humongous regions: 8->8
[2019-11-30T01:18:10.509-0100][152.576s] GC(7) Metaspace: 50587K->50587K(1095680K)
[2019-11-30T01:18:10.509-0100][152.576s] GC(7) Pause Young (Normal) (G1 Evacuation Pause) 228M->42M(512M) 6.210ms
[2019-11-30T01:18:10.509-0100][152.576s] GC(7) User=0.06s Sys=0.00s Real=0.00s
[2019-11-30T01:25:30.155-0100][592.214s] Heap
[2019-11-30T01:25:30.155-0100][592.215s]  garbage-first heap   total 524288K, used 173472K [0x00000007e0000000, 0x0000000800000000)
[2019-11-30T01:25:30.155-0100][592.215s]   region size 1024K, 145 young (148480K), 17 survivors (17408K)
[2019-11-30T01:25:30.155-0100][592.215s]  Metaspace       used 51473K, capacity 52609K, committed 52736K, reserved 1095680K
[2019-11-30T01:25:30.155-0100][592.215s]   class space    used 5939K, capacity 6394K, committed 6400K, reserved 1048576K
